
> abhinya-design@0.1.0 build
> next build

  Γû▓ Next.js 14.2.3

   Creating an optimized production build ...
 Γ£ô Compiled successfully
   Linting and checking validity of types ...
   Collecting page data ...
   Generating static pages (0/20) ...
node.exe : Error: Event 
handlers cannot be passed 
to Client Component props.
At C:\Program 
Files\nodejs\npm.ps1:29 
char:3
+   & $NODE_EXE 
$NPM_CLI_JS $args
+   ~~~~~~~~~~~~~~~~~~~~~~
~~~~~~~
    + CategoryInfo        
      : NotSpecified: (E  
  rror: Event ha...ompo   
 nent props.:String) [    
], RemoteException
    + FullyQualifiedError 
   Id : NativeCommandErr  
  or
 
  {onClick: function 
onClick, className: ..., 
children: ...}
            
^^^^^^^^^^^^^^^^
If you need 
interactivity, consider 
converting part of this 
to a Client Component.
    at ek (C:\projects\abh
inyadesign\node_modules\ne
xt\dist\compiled\next-serv
er\app-page.runtime.prod.j
s:12:140566)
    at Object.toJSON (C:\p
rojects\abhinyadesign\node
_modules\next\dist\compile
d\next-server\app-page.run
time.prod.js:12:135755)
    at stringify 
(<anonymous>)
    at eR (C:\projects\abh
inyadesign\node_modules\ne
xt\dist\compiled\next-serv
er\app-page.runtime.prod.j
s:12:142219)
    at eE (C:\projects\abh
inyadesign\node_modules\ne
xt\dist\compiled\next-serv
er\app-page.runtime.prod.j
s:12:142698)
    at 
AsyncLocalStorage.run (nod
e:internal/async_local_sto
rage/async_hooks:91:14)
    at Timeout._onTimeout 
(C:\projects\abhinyadesign
\node_modules\next\dist\co
mpiled\next-server\app-pag
e.runtime.prod.js:12:15039
7)
    at listOnTimeout (node
:internal/timers:594:17)
    at 
process.processTimers (nod
e:internal/timers:529:7) {
  digest: '187414323'
}
Error: Event handlers 
cannot be passed to 
Client Component props.
  {onClick: function 
onClick, className: ..., 
children: ...}
            
^^^^^^^^^^^^^^^^
If you need 
interactivity, consider 
converting part of this 
to a Client Component.
    at ek (C:\projects\abh
inyadesign\node_modules\ne
xt\dist\compiled\next-serv
er\app-page.runtime.prod.j
s:12:140566)
    at Object.toJSON (C:\p
rojects\abhinyadesign\node
_modules\next\dist\compile
d\next-server\app-page.run
time.prod.js:12:135755)
    at stringify 
(<anonymous>)
    at eR (C:\projects\abh
inyadesign\node_modules\ne
xt\dist\compiled\next-serv
er\app-page.runtime.prod.j
s:12:142219)
    at eE (C:\projects\abh
inyadesign\node_modules\ne
xt\dist\compiled\next-serv
er\app-page.runtime.prod.j
s:12:142698)
    at Timeout._onTimeout 
(C:\projects\abhinyadesign
\node_modules\next\dist\co
mpiled\next-server\app-pag
e.runtime.prod.js:12:13547
5)
    at listOnTimeout (node
:internal/timers:594:17)
    at 
process.processTimers (nod
e:internal/timers:529:7) {
  digest: '211359099'
}
Error: Event handlers 
cannot be passed to 
Client Component props.
  {onClick: function 
onClick, className: ..., 
children: ...}
            
^^^^^^^^^^^^^^^^
If you need 
interactivity, consider 
converting part of this 
to a Client Component.
    at ek (C:\projects\abh
inyadesign\node_modules\ne
xt\dist\compiled\next-serv
er\app-page.runtime.prod.j
s:12:140566)
    at Object.toJSON (C:\p
rojects\abhinyadesign\node
_modules\next\dist\compile
d\next-server\app-page.run
time.prod.js:12:135755)
    at stringify 
(<anonymous>)
    at eR (C:\projects\abh
inyadesign\node_modules\ne
xt\dist\compiled\next-serv
er\app-page.runtime.prod.j
s:12:142219)
    at eE (C:\projects\abh
inyadesign\node_modules\ne
xt\dist\compiled\next-serv
er\app-page.runtime.prod.j
s:12:142698)
    at Timeout._onTimeout 
(C:\projects\abhinyadesign
\node_modules\next\dist\co
mpiled\next-server\app-pag
e.runtime.prod.js:12:13547
5)
    at listOnTimeout (node
:internal/timers:594:17)
    at 
process.processTimers (nod
e:internal/timers:529:7) {
  digest: '211359099'
}
Error: Event handlers 
cannot be passed to 
Client Component props.
  {onClick: function 
onClick, className: ..., 
children: ...}
            
^^^^^^^^^^^^^^^^
If you need 
interactivity, consider 
converting part of this 
to a Client Component.
    at ek (C:\projects\abh
inyadesign\node_modules\ne
xt\dist\compiled\next-serv
er\app-page.runtime.prod.j
s:12:140566)
    at Object.toJSON (C:\p
rojects\abhinyadesign\node
_modules\next\dist\compile
d\next-server\app-page.run
time.prod.js:12:135755)
    at stringify 
(<anonymous>)
    at eR (C:\projects\abh
inyadesign\node_modules\ne
xt\dist\compiled\next-serv
er\app-page.runtime.prod.j
s:12:142219)
    at eE (C:\projects\abh
inyadesign\node_modules\ne
xt\dist\compiled\next-serv
er\app-page.runtime.prod.j
s:12:142698)
    at 
AsyncLocalStorage.run (nod
e:internal/async_local_sto
rage/async_hooks:91:14)
    at Timeout._onTimeout 
(C:\projects\abhinyadesign
\node_modules\next\dist\co
mpiled\next-server\app-pag
e.runtime.prod.js:12:15039
7)
    at listOnTimeout (node
:internal/timers:594:17)
    at 
process.processTimers (nod
e:internal/timers:529:7) {
  digest: '187414323'
}
Error: Event handlers 
cannot be passed to 
Client Component props.
  {onClick: function 
onClick, className: ..., 
children: ...}
            
^^^^^^^^^^^^^^^^
If you need 
interactivity, consider 
converting part of this 
to a Client Component.
    at ek (C:\projects\abh
inyadesign\node_modules\ne
xt\dist\compiled\next-serv
er\app-page.runtime.prod.j
s:12:140566)
    at Object.toJSON (C:\p
rojects\abhinyadesign\node
_modules\next\dist\compile
d\next-server\app-page.run
time.prod.js:12:135755)
    at stringify 
(<anonymous>)
    at eR (C:\projects\abh
inyadesign\node_modules\ne
xt\dist\compiled\next-serv
er\app-page.runtime.prod.j
s:12:142219)
    at eE (C:\projects\abh
inyadesign\node_modules\ne
xt\dist\compiled\next-serv
er\app-page.runtime.prod.j
s:12:142698)
    at Timeout._onTimeout 
(C:\projects\abhinyadesign
\node_modules\next\dist\co
mpiled\next-server\app-pag
e.runtime.prod.js:12:13547
5)
    at listOnTimeout (node
:internal/timers:594:17)
    at 
process.processTimers (nod
e:internal/timers:529:7) {
  digest: '211359099'
}
Error: Event handlers 
cannot be passed to 
Client Component props.
  {onClick: function 
onClick, className: ..., 
children: ...}
            
^^^^^^^^^^^^^^^^
If you need 
interactivity, consider 
converting part of this 
to a Client Component.
    at ek (C:\projects\abh
inyadesign\node_modules\ne
xt\dist\compiled\next-serv
er\app-page.runtime.prod.j
s:12:140566)
    at Object.toJSON (C:\p
rojects\abhinyadesign\node
_modules\next\dist\compile
d\next-server\app-page.run
time.prod.js:12:135755)
    at stringify 
(<anonymous>)
    at eR (C:\projects\abh
inyadesign\node_modules\ne
xt\dist\compiled\next-serv
er\app-page.runtime.prod.j
s:12:142219)
    at eE (C:\projects\abh
inyadesign\node_modules\ne
xt\dist\compiled\next-serv
er\app-page.runtime.prod.j
s:12:142698)
    at Timeout._onTimeout 
(C:\projects\abhinyadesign
\node_modules\next\dist\co
mpiled\next-server\app-pag
e.runtime.prod.js:12:13547
5)
    at listOnTimeout (node
:internal/timers:594:17)
    at 
process.processTimers (nod
e:internal/timers:529:7) {
  digest: '211359099'
}
Error: Event handlers 
cannot be passed to 
Client Component props.
  {onClick: function 
onClick, className: ..., 
children: ...}
            
^^^^^^^^^^^^^^^^
If you need 
interactivity, consider 
converting part of this 
to a Client Component.
    at ek (C:\projects\abh
inyadesign\node_modules\ne
xt\dist\compiled\next-serv
er\app-page.runtime.prod.j
s:12:140566)
    at Object.toJSON (C:\p
rojects\abhinyadesign\node
_modules\next\dist\compile
d\next-server\app-page.run
time.prod.js:12:135755)
    at stringify 
(<anonymous>)
    at eR (C:\projects\abh
inyadesign\node_modules\ne
xt\dist\compiled\next-serv
er\app-page.runtime.prod.j
s:12:142219)
    at eE (C:\projects\abh
inyadesign\node_modules\ne
xt\dist\compiled\next-serv
er\app-page.runtime.prod.j
s:12:142698)
    at 
AsyncLocalStorage.run (nod
e:internal/async_local_sto
rage/async_hooks:91:14)
    at Timeout._onTimeout 
(C:\projects\abhinyadesign
\node_modules\next\dist\co
mpiled\next-server\app-pag
e.runtime.prod.js:12:15039
7)
    at listOnTimeout (node
:internal/timers:594:17)
    at 
process.processTimers (nod
e:internal/timers:529:7) {
  digest: '187414323'
}
Error: Event handlers 
cannot be passed to 
Client Component props.
  {onClick: function 
onClick, className: ..., 
children: ...}
            
^^^^^^^^^^^^^^^^
If you need 
interactivity, consider 
converting part of this 
to a Client Component.
    at ek (C:\projects\abh
inyadesign\node_modules\ne
xt\dist\compiled\next-serv
er\app-page.runtime.prod.j
s:12:140566)
    at Object.toJSON (C:\p
rojects\abhinyadesign\node
_modules\next\dist\compile
d\next-server\app-page.run
time.prod.js:12:135755)
    at stringify 
(<anonymous>)
    at eR (C:\projects\abh
inyadesign\node_modules\ne
xt\dist\compiled\next-serv
er\app-page.runtime.prod.j
s:12:142219)
    at eE (C:\projects\abh
inyadesign\node_modules\ne
xt\dist\compiled\next-serv
er\app-page.runtime.prod.j
s:12:142698)
    at Timeout._onTimeout 
(C:\projects\abhinyadesign
\node_modules\next\dist\co
mpiled\next-server\app-pag
e.runtime.prod.js:12:13547
5)
    at listOnTimeout (node
:internal/timers:594:17)
    at 
process.processTimers (nod
e:internal/timers:529:7) {
  digest: '211359099'
}
Error: Event handlers 
cannot be passed to 
Client Component props.
  {onClick: function 
onClick, className: ..., 
children: ...}
            
^^^^^^^^^^^^^^^^
If you need 
interactivity, consider 
converting part of this 
to a Client Component.
    at ek (C:\projects\abh
inyadesign\node_modules\ne
xt\dist\compiled\next-serv
er\app-page.runtime.prod.j
s:12:140566)
    at Object.toJSON (C:\p
rojects\abhinyadesign\node
_modules\next\dist\compile
d\next-server\app-page.run
time.prod.js:12:135755)
    at stringify 
(<anonymous>)
    at eR (C:\projects\abh
inyadesign\node_modules\ne
xt\dist\compiled\next-serv
er\app-page.runtime.prod.j
s:12:142219)
    at eE (C:\projects\abh
inyadesign\node_modules\ne
xt\dist\compiled\next-serv
er\app-page.runtime.prod.j
s:12:142698)
    at Timeout._onTimeout 
(C:\projects\abhinyadesign
\node_modules\next\dist\co
mpiled\next-server\app-pag
e.runtime.prod.js:12:13547
5)
    at listOnTimeout (node
:internal/timers:594:17)
    at 
process.processTimers (nod
e:internal/timers:529:7) {
  digest: '211359099'
}
Error: Event handlers 
cannot be passed to 
Client Component props.
  {onClick: function 
onClick, className: ..., 
children: ...}
            
^^^^^^^^^^^^^^^^
If you need 
interactivity, consider 
converting part of this 
to a Client Component.
    at ek (C:\projects\abh
inyadesign\node_modules\ne
xt\dist\compiled\next-serv
er\app-page.runtime.prod.j
s:12:140566)
    at Object.toJSON (C:\p
rojects\abhinyadesign\node
_modules\next\dist\compile
d\next-server\app-page.run
time.prod.js:12:135755)
    at stringify 
(<anonymous>)
    at eR (C:\projects\abh
inyadesign\node_modules\ne
xt\dist\compiled\next-serv
er\app-page.runtime.prod.j
s:12:142219)
    at eE (C:\projects\abh
inyadesign\node_modules\ne
xt\dist\compiled\next-serv
er\app-page.runtime.prod.j
s:12:142698)
    at 
AsyncLocalStorage.run (nod
e:internal/async_local_sto
rage/async_hooks:91:14)
    at Timeout._onTimeout 
(C:\projects\abhinyadesign
\node_modules\next\dist\co
mpiled\next-server\app-pag
e.runtime.prod.js:12:15039
7)
    at listOnTimeout (node
:internal/timers:594:17)
    at 
process.processTimers (nod
e:internal/timers:529:7) {
  digest: '187414323'
}
Error: Event handlers 
cannot be passed to 
Client Component props.
  {onClick: function 
onClick, className: ..., 
children: ...}
            
^^^^^^^^^^^^^^^^
If you need 
interactivity, consider 
converting part of this 
to a Client Component.
    at ek (C:\projects\abh
inyadesign\node_modules\ne
xt\dist\compiled\next-serv
er\app-page.runtime.prod.j
s:12:140566)
    at Object.toJSON (C:\p
rojects\abhinyadesign\node
_modules\next\dist\compile
d\next-server\app-page.run
time.prod.js:12:135755)
    at stringify 
(<anonymous>)
    at eR (C:\projects\abh
inyadesign\node_modules\ne
xt\dist\compiled\next-serv
er\app-page.runtime.prod.j
s:12:142219)
    at eE (C:\projects\abh
inyadesign\node_modules\ne
xt\dist\compiled\next-serv
er\app-page.runtime.prod.j
s:12:142698)
    at Timeout._onTimeout 
(C:\projects\abhinyadesign
\node_modules\next\dist\co
mpiled\next-server\app-pag
e.runtime.prod.js:12:13547
5)
    at listOnTimeout (node
:internal/timers:594:17)
    at 
process.processTimers (nod
e:internal/timers:529:7) {
  digest: '211359099'
}
Error: Event handlers 
cannot be passed to 
Client Component props.
  {onClick: function 
onClick, className: ..., 
children: ...}
            
^^^^^^^^^^^^^^^^
If you need 
interactivity, consider 
converting part of this 
to a Client Component.
    at ek (C:\projects\abh
inyadesign\node_modules\ne
xt\dist\compiled\next-serv
er\app-page.runtime.prod.j
s:12:140566)
    at Object.toJSON (C:\p
rojects\abhinyadesign\node
_modules\next\dist\compile
d\next-server\app-page.run
time.prod.js:12:135755)
    at stringify 
(<anonymous>)
    at eR (C:\projects\abh
inyadesign\node_modules\ne
xt\dist\compiled\next-serv
er\app-page.runtime.prod.j
s:12:142219)
    at eE (C:\projects\abh
inyadesign\node_modules\ne
xt\dist\compiled\next-serv
er\app-page.runtime.prod.j
s:12:142698)
    at Timeout._onTimeout 
(C:\projects\abhinyadesign
\node_modules\next\dist\co
mpiled\next-server\app-pag
e.runtime.prod.js:12:13547
5)
    at listOnTimeout (node
:internal/timers:594:17)
    at 
process.processTimers (nod
e:internal/timers:529:7) {
  digest: '211359099'
}
Error: Event handlers 
cannot be passed to 
Client Component props.
  {onClick: function 
onClick, className: ..., 
children: ...}
            
^^^^^^^^^^^^^^^^
If you need 
interactivity, consider 
converting part of this 
to a Client Component.
    at ek (C:\projects\abh
inyadesign\node_modules\ne
xt\dist\compiled\next-serv
er\app-page.runtime.prod.j
s:12:140566)
    at Object.toJSON (C:\p
rojects\abhinyadesign\node
_modules\next\dist\compile
d\next-server\app-page.run
time.prod.js:12:135755)
    at stringify 
(<anonymous>)
    at eR (C:\projects\abh
inyadesign\node_modules\ne
xt\dist\compiled\next-serv
er\app-page.runtime.prod.j
s:12:142219)
    at eE (C:\projects\abh
inyadesign\node_modules\ne
xt\dist\compiled\next-serv
er\app-page.runtime.prod.j
s:12:142698)
    at 
AsyncLocalStorage.run (nod
e:internal/async_local_sto
rage/async_hooks:91:14)
    at Timeout._onTimeout 
(C:\projects\abhinyadesign
\node_modules\next\dist\co
mpiled\next-server\app-pag
e.runtime.prod.js:12:15039
7)
    at listOnTimeout (node
:internal/timers:594:17)
    at 
process.processTimers (nod
e:internal/timers:529:7) {
  digest: '187414323'
}
Error: Event handlers 
cannot be passed to 
Client Component props.
  {onClick: function 
onClick, className: ..., 
children: ...}
            
^^^^^^^^^^^^^^^^
If you need 
interactivity, consider 
converting part of this 
to a Client Component.
    at ek (C:\projects\abh
inyadesign\node_modules\ne
xt\dist\compiled\next-serv
er\app-page.runtime.prod.j
s:12:140566)
    at Object.toJSON (C:\p
rojects\abhinyadesign\node
_modules\next\dist\compile
d\next-server\app-page.run
time.prod.js:12:135755)
    at stringify 
(<anonymous>)
    at eR (C:\projects\abh
inyadesign\node_modules\ne
xt\dist\compiled\next-serv
er\app-page.runtime.prod.j
s:12:142219)
    at eE (C:\projects\abh
inyadesign\node_modules\ne
xt\dist\compiled\next-serv
er\app-page.runtime.prod.j
s:12:142698)
    at Timeout._onTimeout 
(C:\projects\abhinyadesign
\node_modules\next\dist\co
mpiled\next-server\app-pag
e.runtime.prod.js:12:13547
5)
    at listOnTimeout (node
:internal/timers:594:17)
    at 
process.processTimers (nod
e:internal/timers:529:7) {
  digest: '211359099'
}
Error: Event handlers 
cannot be passed to 
Client Component props.
  {onClick: function 
onClick, className: ..., 
children: ...}
            
^^^^^^^^^^^^^^^^
If you need 
interactivity, consider 
converting part of this 
to a Client Component.
    at ek (C:\projects\abh
inyadesign\node_modules\ne
xt\dist\compiled\next-serv
er\app-page.runtime.prod.j
s:12:140566)
    at Object.toJSON (C:\p
rojects\abhinyadesign\node
_modules\next\dist\compile
d\next-server\app-page.run
time.prod.js:12:135755)
    at stringify 
(<anonymous>)
    at eR (C:\projects\abh
inyadesign\node_modules\ne
xt\dist\compiled\next-serv
er\app-page.runtime.prod.j
s:12:142219)
    at eE (C:\projects\abh
inyadesign\node_modules\ne
xt\dist\compiled\next-serv
er\app-page.runtime.prod.j
s:12:142698)
    at Timeout._onTimeout 
(C:\projects\abhinyadesign
\node_modules\next\dist\co
mpiled\next-server\app-pag
e.runtime.prod.js:12:13547
5)
    at listOnTimeout (node
:internal/timers:594:17)
    at 
process.processTimers (nod
e:internal/timers:529:7) {
  digest: '211359099'
}
Error: Event handlers 
cannot be passed to 
Client Component props.
  {onClick: function 
onClick, className: ..., 
children: ...}
            
^^^^^^^^^^^^^^^^
If you need 
interactivity, consider 
converting part of this 
to a Client Component.
    at ek (C:\projects\abh
inyadesign\node_modules\ne
xt\dist\compiled\next-serv
er\app-page.runtime.prod.j
s:12:140566)
    at Object.toJSON (C:\p
rojects\abhinyadesign\node
_modules\next\dist\compile
d\next-server\app-page.run
time.prod.js:12:135755)
    at stringify 
(<anonymous>)
    at eR (C:\projects\abh
inyadesign\node_modules\ne
xt\dist\compiled\next-serv
er\app-page.runtime.prod.j
s:12:142219)
    at eE (C:\projects\abh
inyadesign\node_modules\ne
xt\dist\compiled\next-serv
er\app-page.runtime.prod.j
s:12:142698)
    at 
AsyncLocalStorage.run (nod
e:internal/async_local_sto
rage/async_hooks:91:14)
    at Timeout._onTimeout 
(C:\projects\abhinyadesign
\node_modules\next\dist\co
mpiled\next-server\app-pag
e.runtime.prod.js:12:15039
7)
    at listOnTimeout (node
:internal/timers:594:17)
    at 
process.processTimers (nod
e:internal/timers:529:7) {
  digest: '187414323'
}
Error: Event handlers 
cannot be passed to 
Client Component props.
  {onClick: function 
onClick, className: ..., 
children: ...}
            
^^^^^^^^^^^^^^^^
If you need 
interactivity, consider 
converting part of this 
to a Client Component.
    at ek (C:\projects\abh
inyadesign\node_modules\ne
xt\dist\compiled\next-serv
er\app-page.runtime.prod.j
s:12:140566)
    at Object.toJSON (C:\p
rojects\abhinyadesign\node
_modules\next\dist\compile
d\next-server\app-page.run
time.prod.js:12:135755)
    at stringify 
(<anonymous>)
    at eR (C:\projects\abh
inyadesign\node_modules\ne
xt\dist\compiled\next-serv
er\app-page.runtime.prod.j
s:12:142219)
    at eE (C:\projects\abh
inyadesign\node_modules\ne
xt\dist\compiled\next-serv
er\app-page.runtime.prod.j
s:12:142698)
    at Timeout._onTimeout 
(C:\projects\abhinyadesign
\node_modules\next\dist\co
mpiled\next-server\app-pag
e.runtime.prod.js:12:13547
5)
    at listOnTimeout (node
:internal/timers:594:17)
    at 
process.processTimers (nod
e:internal/timers:529:7) {
  digest: '211359099'
}
Error: Event handlers 
cannot be passed to 
Client Component props.
  {onClick: function 
onClick, className: ..., 
children: ...}
            
^^^^^^^^^^^^^^^^
If you need 
interactivity, consider 
converting part of this 
to a Client Component.
    at ek (C:\projects\abh
inyadesign\node_modules\ne
xt\dist\compiled\next-serv
er\app-page.runtime.prod.j
s:12:140566)
    at Object.toJSON (C:\p
rojects\abhinyadesign\node
_modules\next\dist\compile
d\next-server\app-page.run
time.prod.js:12:135755)
    at stringify 
(<anonymous>)
    at eR (C:\projects\abh
inyadesign\node_modules\ne
xt\dist\compiled\next-serv
er\app-page.runtime.prod.j
s:12:142219)
    at eE (C:\projects\abh
inyadesign\node_modules\ne
xt\dist\compiled\next-serv
er\app-page.runtime.prod.j
s:12:142698)
    at Timeout._onTimeout 
(C:\projects\abhinyadesign
\node_modules\next\dist\co
mpiled\next-server\app-pag
e.runtime.prod.js:12:13547
5)
    at listOnTimeout (node
:internal/timers:594:17)
    at 
process.processTimers (nod
e:internal/timers:529:7) {
  digest: '211359099'
}
Error: Event handlers 
cannot be passed to 
Client Component props.
  {onClick: function 
onClick, className: ..., 
children: ...}
            
^^^^^^^^^^^^^^^^
If you need 
interactivity, consider 
converting part of this 
to a Client Component.
    at ek (C:\projects\abh
inyadesign\node_modules\ne
xt\dist\compiled\next-serv
er\app-page.runtime.prod.j
s:12:140566)
    at Object.toJSON (C:\p
rojects\abhinyadesign\node
_modules\next\dist\compile
d\next-server\app-page.run
time.prod.js:12:135755)
    at stringify 
(<anonymous>)
    at eR (C:\projects\abh
inyadesign\node_modules\ne
xt\dist\compiled\next-serv
er\app-page.runtime.prod.j
s:12:142219)
    at eE (C:\projects\abh
inyadesign\node_modules\ne
xt\dist\compiled\next-serv
er\app-page.runtime.prod.j
s:12:142698)
    at 
AsyncLocalStorage.run (nod
e:internal/async_local_sto
rage/async_hooks:91:14)
    at Timeout._onTimeout 
(C:\projects\abhinyadesign
\node_modules\next\dist\co
mpiled\next-server\app-pag
e.runtime.prod.js:12:15039
7)
    at listOnTimeout (node
:internal/timers:594:17)
    at 
process.processTimers (nod
e:internal/timers:529:7) {
  digest: '187414323'
}
Error: Event handlers 
cannot be passed to 
Client Component props.
  {onClick: function 
onClick, className: ..., 
children: ...}
            
^^^^^^^^^^^^^^^^
If you need 
interactivity, consider 
converting part of this 
to a Client Component.
    at ek (C:\projects\abh
inyadesign\node_modules\ne
xt\dist\compiled\next-serv
er\app-page.runtime.prod.j
s:12:140566)
    at Object.toJSON (C:\p
rojects\abhinyadesign\node
_modules\next\dist\compile
d\next-server\app-page.run
time.prod.js:12:135755)
    at stringify 
(<anonymous>)
    at eR (C:\projects\abh
inyadesign\node_modules\ne
xt\dist\compiled\next-serv
er\app-page.runtime.prod.j
s:12:142219)
    at eE (C:\projects\abh
inyadesign\node_modules\ne
xt\dist\compiled\next-serv
er\app-page.runtime.prod.j
s:12:142698)
    at Timeout._onTimeout 
(C:\projects\abhinyadesign
\node_modules\next\dist\co
mpiled\next-server\app-pag
e.runtime.prod.js:12:13547
5)
    at listOnTimeout (node
:internal/timers:594:17)
    at 
process.processTimers (nod
e:internal/timers:529:7) {
  digest: '211359099'
}
Error: Event handlers 
cannot be passed to 
Client Component props.
  {onClick: function 
onClick, className: ..., 
children: ...}
            
^^^^^^^^^^^^^^^^
If you need 
interactivity, consider 
converting part of this 
to a Client Component.
    at ek (C:\projects\abh
inyadesign\node_modules\ne
xt\dist\compiled\next-serv
er\app-page.runtime.prod.j
s:12:140566)
    at Object.toJSON (C:\p
rojects\abhinyadesign\node
_modules\next\dist\compile
d\next-server\app-page.run
time.prod.js:12:135755)
    at stringify 
(<anonymous>)
    at eR (C:\projects\abh
inyadesign\node_modules\ne
xt\dist\compiled\next-serv
er\app-page.runtime.prod.j
s:12:142219)
    at eE (C:\projects\abh
inyadesign\node_modules\ne
xt\dist\compiled\next-serv
er\app-page.runtime.prod.j
s:12:142698)
    at Timeout._onTimeout 
(C:\projects\abhinyadesign
\node_modules\next\dist\co
mpiled\next-server\app-pag
e.runtime.prod.js:12:13547
5)
    at listOnTimeout (node
:internal/timers:594:17)
    at 
process.processTimers (nod
e:internal/timers:529:7) {
  digest: '211359099'
}
Error: Event handlers 
cannot be passed to 
Client Component props.
  {onClick: function 
onClick, className: ..., 
children: ...}
            
^^^^^^^^^^^^^^^^
If you need 
interactivity, consider 
converting part of this 
to a Client Component.
    at ek (C:\projects\abh
inyadesign\node_modules\ne
xt\dist\compiled\next-serv
er\app-page.runtime.prod.j
s:12:140566)
    at Object.toJSON (C:\p
rojects\abhinyadesign\node
_modules\next\dist\compile
d\next-server\app-page.run
time.prod.js:12:135755)
    at stringify 
(<anonymous>)
    at eR (C:\projects\abh
inyadesign\node_modules\ne
xt\dist\compiled\next-serv
er\app-page.runtime.prod.j
s:12:142219)
    at eE (C:\projects\abh
inyadesign\node_modules\ne
xt\dist\compiled\next-serv
er\app-page.runtime.prod.j
s:12:142698)
    at 
AsyncLocalStorage.run (nod
e:internal/async_local_sto
rage/async_hooks:91:14)
    at Timeout._onTimeout 
(C:\projects\abhinyadesign
\node_modules\next\dist\co
mpiled\next-server\app-pag
e.runtime.prod.js:12:15039
7)
    at listOnTimeout (node
:internal/timers:594:17)
    at 
process.processTimers (nod
e:internal/timers:529:7) {
  digest: '187414323'
}
Error: Event handlers 
cannot be passed to 
Client Component props.
  {onClick: function 
onClick, className: ..., 
children: ...}
            
^^^^^^^^^^^^^^^^
If you need 
interactivity, consider 
converting part of this 
to a Client Component.
    at ek (C:\projects\abh
inyadesign\node_modules\ne
xt\dist\compiled\next-serv
er\app-page.runtime.prod.j
s:12:140566)
    at Object.toJSON (C:\p
rojects\abhinyadesign\node
_modules\next\dist\compile
d\next-server\app-page.run
time.prod.js:12:135755)
    at stringify 
(<anonymous>)
    at eR (C:\projects\abh
inyadesign\node_modules\ne
xt\dist\compiled\next-serv
er\app-page.runtime.prod.j
s:12:142219)
    at eE (C:\projects\abh
inyadesign\node_modules\ne
xt\dist\compiled\next-serv
er\app-page.runtime.prod.j
s:12:142698)
    at Timeout._onTimeout 
(C:\projects\abhinyadesign
\node_modules\next\dist\co
mpiled\next-server\app-pag
e.runtime.prod.js:12:13547
5)
    at listOnTimeout (node
:internal/timers:594:17)
    at 
process.processTimers (nod
e:internal/timers:529:7) {
  digest: '211359099'
}
Error: Event handlers 
cannot be passed to 
Client Component props.
  {onClick: function 
onClick, className: ..., 
children: ...}
            
^^^^^^^^^^^^^^^^
If you need 
interactivity, consider 
converting part of this 
to a Client Component.
    at ek (C:\projects\abh
inyadesign\node_modules\ne
xt\dist\compiled\next-serv
er\app-page.runtime.prod.j
s:12:140566)
    at Object.toJSON (C:\p
rojects\abhinyadesign\node
_modules\next\dist\compile
d\next-server\app-page.run
time.prod.js:12:135755)
    at stringify 
(<anonymous>)
    at eR (C:\projects\abh
inyadesign\node_modules\ne
xt\dist\compiled\next-serv
er\app-page.runtime.prod.j
s:12:142219)
    at eE (C:\projects\abh
inyadesign\node_modules\ne
xt\dist\compiled\next-serv
er\app-page.runtime.prod.j
s:12:142698)
    at Timeout._onTimeout 
(C:\projects\abhinyadesign
\node_modules\next\dist\co
mpiled\next-server\app-pag
e.runtime.prod.js:12:13547
5)
    at listOnTimeout (node
:internal/timers:594:17)
    at 
process.processTimers (nod
e:internal/timers:529:7) {
  digest: '211359099'
}
Error: Event handlers 
cannot be passed to 
Client Component props.
  {onClick: function 
onClick, className: ..., 
children: ...}
            
^^^^^^^^^^^^^^^^
If you need 
interactivity, consider 
converting part of this 
to a Client Component.
    at ek (C:\projects\abh
inyadesign\node_modules\ne
xt\dist\compiled\next-serv
er\app-page.runtime.prod.j
s:12:140566)
    at Object.toJSON (C:\p
rojects\abhinyadesign\node
_modules\next\dist\compile
d\next-server\app-page.run
time.prod.js:12:135755)
    at stringify 
(<anonymous>)
    at eR (C:\projects\abh
inyadesign\node_modules\ne
xt\dist\compiled\next-serv
er\app-page.runtime.prod.j
s:12:142219)
    at eE (C:\projects\abh
inyadesign\node_modules\ne
xt\dist\compiled\next-serv
er\app-page.runtime.prod.j
s:12:142698)
    at 
AsyncLocalStorage.run (nod
e:internal/async_local_sto
rage/async_hooks:91:14)
    at Timeout._onTimeout 
(C:\projects\abhinyadesign
\node_modules\next\dist\co
mpiled\next-server\app-pag
e.runtime.prod.js:12:15039
7)
    at listOnTimeout (node
:internal/timers:594:17)
    at 
process.processTimers (nod
e:internal/timers:529:7) {
  digest: '187414323'
}
Error: Event handlers 
cannot be passed to 
Client Component props.
  {onClick: function 
onClick, className: ..., 
children: ...}
            
^^^^^^^^^^^^^^^^
If you need 
interactivity, consider 
converting part of this 
to a Client Component.
    at ek (C:\projects\abh
inyadesign\node_modules\ne
xt\dist\compiled\next-serv
er\app-page.runtime.prod.j
s:12:140566)
    at Object.toJSON (C:\p
rojects\abhinyadesign\node
_modules\next\dist\compile
d\next-server\app-page.run
time.prod.js:12:135755)
    at stringify 
(<anonymous>)
    at eR (C:\projects\abh
inyadesign\node_modules\ne
xt\dist\compiled\next-serv
er\app-page.runtime.prod.j
s:12:142219)
    at eE (C:\projects\abh
inyadesign\node_modules\ne
xt\dist\compiled\next-serv
er\app-page.runtime.prod.j
s:12:142698)
    at Timeout._onTimeout 
(C:\projects\abhinyadesign
\node_modules\next\dist\co
mpiled\next-server\app-pag
e.runtime.prod.js:12:13547
5)
    at listOnTimeout (node
:internal/timers:594:17)
    at 
process.processTimers (nod
e:internal/timers:529:7) {
  digest: '211359099'
}
Error: Event handlers 
cannot be passed to 
Client Component props.
  {onClick: function 
onClick, className: ..., 
children: ...}
            
^^^^^^^^^^^^^^^^
If you need 
interactivity, consider 
converting part of this 
to a Client Component.
    at ek (C:\projects\abh
inyadesign\node_modules\ne
xt\dist\compiled\next-serv
er\app-page.runtime.prod.j
s:12:140566)
    at Object.toJSON (C:\p
rojects\abhinyadesign\node
_modules\next\dist\compile
d\next-server\app-page.run
time.prod.js:12:135755)
    at stringify 
(<anonymous>)
    at eR (C:\projects\abh
inyadesign\node_modules\ne
xt\dist\compiled\next-serv
er\app-page.runtime.prod.j
s:12:142219)
    at eE (C:\projects\abh
inyadesign\node_modules\ne
xt\dist\compiled\next-serv
er\app-page.runtime.prod.j
s:12:142698)
    at Timeout._onTimeout 
(C:\projects\abhinyadesign
\node_modules\next\dist\co
mpiled\next-server\app-pag
e.runtime.prod.js:12:13547
5)
    at listOnTimeout (node
:internal/timers:594:17)
    at 
process.processTimers (nod
e:internal/timers:529:7) {
  digest: '211359099'
}
Error: Event handlers 
cannot be passed to 
Client Component props.
  {onClick: function 
onClick, className: ..., 
children: ...}
            
^^^^^^^^^^^^^^^^
If you need 
interactivity, consider 
converting part of this 
to a Client Component.
    at ek (C:\projects\abh
inyadesign\node_modules\ne
xt\dist\compiled\next-serv
er\app-page.runtime.prod.j
s:12:140566)
    at Object.toJSON (C:\p
rojects\abhinyadesign\node
_modules\next\dist\compile
d\next-server\app-page.run
time.prod.js:12:135755)
    at stringify 
(<anonymous>)
    at eR (C:\projects\abh
inyadesign\node_modules\ne
xt\dist\compiled\next-serv
er\app-page.runtime.prod.j
s:12:142219)
    at eE (C:\projects\abh
inyadesign\node_modules\ne
xt\dist\compiled\next-serv
er\app-page.runtime.prod.j
s:12:142698)
    at 
AsyncLocalStorage.run (nod
e:internal/async_local_sto
rage/async_hooks:91:14)
    at Timeout._onTimeout 
(C:\projects\abhinyadesign
\node_modules\next\dist\co
mpiled\next-server\app-pag
e.runtime.prod.js:12:15039
7)
    at listOnTimeout (node
:internal/timers:594:17)
    at 
process.processTimers (nod
e:internal/timers:529:7) {
  digest: '187414323'
}
Error: Event handlers 
cannot be passed to 
Client Component props.
  {onClick: function 
onClick, className: ..., 
children: ...}
            
^^^^^^^^^^^^^^^^
If you need 
interactivity, consider 
converting part of this 
to a Client Component.
    at ek (C:\projects\abh
inyadesign\node_modules\ne
xt\dist\compiled\next-serv
er\app-page.runtime.prod.j
s:12:140566)
    at Object.toJSON (C:\p
rojects\abhinyadesign\node
_modules\next\dist\compile
d\next-server\app-page.run
time.prod.js:12:135755)
    at stringify 
(<anonymous>)
    at eR (C:\projects\abh
inyadesign\node_modules\ne
xt\dist\compiled\next-serv
er\app-page.runtime.prod.j
s:12:142219)
    at eE (C:\projects\abh
inyadesign\node_modules\ne
xt\dist\compiled\next-serv
er\app-page.runtime.prod.j
s:12:142698)
    at Timeout._onTimeout 
(C:\projects\abhinyadesign
\node_modules\next\dist\co
mpiled\next-server\app-pag
e.runtime.prod.js:12:13547
5)
    at listOnTimeout (node
:internal/timers:594:17)
    at 
process.processTimers (nod
e:internal/timers:529:7) {
  digest: '211359099'
}
Error: Event handlers 
cannot be passed to 
Client Component props.
  {onClick: function 
onClick, className: ..., 
children: ...}
            
^^^^^^^^^^^^^^^^
If you need 
interactivity, consider 
converting part of this 
to a Client Component.
    at ek (C:\projects\abh
inyadesign\node_modules\ne
xt\dist\compiled\next-serv
er\app-page.runtime.prod.j
s:12:140566)
    at Object.toJSON (C:\p
rojects\abhinyadesign\node
_modules\next\dist\compile
d\next-server\app-page.run
time.prod.js:12:135755)
    at stringify 
(<anonymous>)
    at eR (C:\projects\abh
inyadesign\node_modules\ne
xt\dist\compiled\next-serv
er\app-page.runtime.prod.j
s:12:142219)
    at eE (C:\projects\abh
inyadesign\node_modules\ne
xt\dist\compiled\next-serv
er\app-page.runtime.prod.j
s:12:142698)
    at Timeout._onTimeout 
(C:\projects\abhinyadesign
\node_modules\next\dist\co
mpiled\next-server\app-pag
e.runtime.prod.js:12:13547
5)
    at listOnTimeout (node
:internal/timers:594:17)
    at 
process.processTimers (nod
e:internal/timers:529:7) {
  digest: '211359099'
}
Error: Event handlers 
cannot be passed to 
Client Component props.
  {onClick: function 
onClick, className: ..., 
children: ...}
            
^^^^^^^^^^^^^^^^
If you need 
interactivity, consider 
converting part of this 
to a Client Component.
    at ek (C:\projects\abh
inyadesign\node_modules\ne
xt\dist\compiled\next-serv
er\app-page.runtime.prod.j
s:12:140566)
    at Object.toJSON (C:\p
rojects\abhinyadesign\node
_modules\next\dist\compile
d\next-server\app-page.run
time.prod.js:12:135755)
    at stringify 
(<anonymous>)
    at eR (C:\projects\abh
inyadesign\node_modules\ne
xt\dist\compiled\next-serv
er\app-page.runtime.prod.j
s:12:142219)
    at eE (C:\projects\abh
inyadesign\node_modules\ne
xt\dist\compiled\next-serv
er\app-page.runtime.prod.j
s:12:142698)
    at 
AsyncLocalStorage.run (nod
e:internal/async_local_sto
rage/async_hooks:91:14)
    at Timeout._onTimeout 
(C:\projects\abhinyadesign
\node_modules\next\dist\co
mpiled\next-server\app-pag
e.runtime.prod.js:12:15039
7)
    at listOnTimeout (node
:internal/timers:594:17)
    at 
process.processTimers (nod
e:internal/timers:529:7) {
  digest: '187414323'
}
Error: Event handlers 
cannot be passed to 
Client Component props.
  {onClick: function 
onClick, className: ..., 
children: ...}
            
^^^^^^^^^^^^^^^^
If you need 
interactivity, consider 
converting part of this 
to a Client Component.
    at ek (C:\projects\abh
inyadesign\node_modules\ne
xt\dist\compiled\next-serv
er\app-page.runtime.prod.j
s:12:140566)
    at Object.toJSON (C:\p
rojects\abhinyadesign\node
_modules\next\dist\compile
d\next-server\app-page.run
time.prod.js:12:135755)
    at stringify 
(<anonymous>)
    at eR (C:\projects\abh
inyadesign\node_modules\ne
xt\dist\compiled\next-serv
er\app-page.runtime.prod.j
s:12:142219)
    at eE (C:\projects\abh
inyadesign\node_modules\ne
xt\dist\compiled\next-serv
er\app-page.runtime.prod.j
s:12:142698)
    at Timeout._onTimeout 
(C:\projects\abhinyadesign
\node_modules\next\dist\co
mpiled\next-server\app-pag
e.runtime.prod.js:12:13547
5)
    at listOnTimeout (node
:internal/timers:594:17)
    at 
process.processTimers (nod
e:internal/timers:529:7) {
  digest: '211359099'
}
Error: Event handlers 
cannot be passed to 
Client Component props.
  {onClick: function 
onClick, className: ..., 
children: ...}
            
^^^^^^^^^^^^^^^^
If you need 
interactivity, consider 
converting part of this 
to a Client Component.
    at ek (C:\projects\abh
inyadesign\node_modules\ne
xt\dist\compiled\next-serv
er\app-page.runtime.prod.j
s:12:140566)
    at Object.toJSON (C:\p
rojects\abhinyadesign\node
_modules\next\dist\compile
d\next-server\app-page.run
time.prod.js:12:135755)
    at stringify 
(<anonymous>)
    at eR (C:\projects\abh
inyadesign\node_modules\ne
xt\dist\compiled\next-serv
er\app-page.runtime.prod.j
s:12:142219)
    at eE (C:\projects\abh
inyadesign\node_modules\ne
xt\dist\compiled\next-serv
er\app-page.runtime.prod.j
s:12:142698)
    at Timeout._onTimeout 
(C:\projects\abhinyadesign
\node_modules\next\dist\co
mpiled\next-server\app-pag
e.runtime.prod.js:12:13547
5)
    at listOnTimeout (node
:internal/timers:594:17)
    at 
process.processTimers (nod
e:internal/timers:529:7) {
  digest: '211359099'
}
 ΓÜá Sending SIGTERM 
signal to static worker 
due to timeout of 60 
seconds. Subsequent 
errors may be a result of 
the worker exiting.
 ΓÜá Restarted static 
page generation for 
/careers because it took 
more than 60 seconds
 ΓÜá See more info here ht
tps://nextjs.org/docs/mess
ages/static-page-generatio
n-timeout
 ΓÜá Restarted static 
page generation for 
/_not-found because it 
took more than 60 seconds
 ΓÜá Restarted static 
page generation for 
/contact because it took 
more than 60 seconds
 ΓÜá Restarted static 
page generation for / 
because it took more than 
60 seconds
 ΓÜá Restarted static 
page generation for 
/services because it took 
more than 60 seconds
 ΓÜá Restarted static 
page generation for 
/about because it took 
more than 60 seconds
 ΓÜá Restarted static 
page generation for /blog 
because it took more than 
60 seconds
 ΓÜá Restarted static 
page generation for 
/solutions because it 
took more than 60 seconds
 ΓÜá Restarted static 
page generation for 
/services/web-development 
because it took more than 
60 seconds
 ΓÜá Restarted static 
page generation for 
/services/mobile-apps 
because it took more than 
60 seconds
 ΓÜá Restarted static 
page generation for 
/services/ui-ux-design 
because it took more than 
60 seconds
 ΓÜá Restarted static 
page generation for 
/services/cloud-solutions 
because it took more than 
60 seconds
 ΓÜá Restarted static 
page generation for 
/services/ai-ml because 
it took more than 60 
seconds
 ΓÜá Restarted static 
page generation for 
/services/cybersecurity 
because it took more than 
60 seconds
 ΓÜá Restarted static 
page generation for 
/blog/nextjs-14-future 
because it took more than 
60 seconds
 ΓÜá Restarted static 
page generation for 
/blog/accessibility-guide 
because it took more than 
60 seconds
 ΓÜá Restarted static 
page generation for 
/blog/ai-saas-integration 
because it took more than 
60 seconds
 ΓÜá Restarted static 
page generation for 
/pricing because it took 
more than 60 seconds
Error: Event handlers 
cannot be passed to 
Client Component props.
  {onClick: function 
onClick, className: ..., 
children: ...}
            
^^^^^^^^^^^^^^^^
If you need 
interactivity, consider 
converting part of this 
to a Client Component.
    at ek (C:\projects\abh
inyadesign\node_modules\ne
xt\dist\compiled\next-serv
er\app-page.runtime.prod.j
s:12:140566)
    at Object.toJSON (C:\p
rojects\abhinyadesign\node
_modules\next\dist\compile
d\next-server\app-page.run
time.prod.js:12:135755)
    at stringify 
(<anonymous>)
    at eR (C:\projects\abh
inyadesign\node_modules\ne
xt\dist\compiled\next-serv
er\app-page.runtime.prod.j
s:12:142219)
    at eE (C:\projects\abh
inyadesign\node_modules\ne
xt\dist\compiled\next-serv
er\app-page.runtime.prod.j
s:12:142698)
    at 
AsyncLocalStorage.run (nod
e:internal/async_local_sto
rage/async_hooks:91:14)
    at Timeout._onTimeout 
(C:\projects\abhinyadesign
\node_modules\next\dist\co
mpiled\next-server\app-pag
e.runtime.prod.js:12:15039
7)
    at listOnTimeout (node
:internal/timers:594:17)
    at 
process.processTimers (nod
e:internal/timers:529:7) {
  digest: '187414323'
}
Error: Event handlers 
cannot be passed to 
Client Component props.
  {onClick: function 
onClick, className: ..., 
children: ...}
            
^^^^^^^^^^^^^^^^
If you need 
interactivity, consider 
converting part of this 
to a Client Component.
    at ek (C:\projects\abh
inyadesign\node_modules\ne
xt\dist\compiled\next-serv
er\app-page.runtime.prod.j
s:12:140566)
    at Object.toJSON (C:\p
rojects\abhinyadesign\node
_modules\next\dist\compile
d\next-server\app-page.run
time.prod.js:12:135755)
    at stringify 
(<anonymous>)
    at eR (C:\projects\abh
inyadesign\node_modules\ne
xt\dist\compiled\next-serv
er\app-page.runtime.prod.j
s:12:142219)
    at eE (C:\projects\abh
inyadesign\node_modules\ne
xt\dist\compiled\next-serv
er\app-page.runtime.prod.j
s:12:142698)
    at Timeout._onTimeout 
(C:\projects\abhinyadesign
\node_modules\next\dist\co
mpiled\next-server\app-pag
e.runtime.prod.js:12:13547
5)
    at listOnTimeout (node
:internal/timers:594:17)
    at 
process.processTimers (nod
e:internal/timers:529:7) {
  digest: '211359099'
}
Error: Event handlers 
cannot be passed to 
Client Component props.
  {onClick: function 
onClick, className: ..., 
children: ...}
            
^^^^^^^^^^^^^^^^
If you need 
interactivity, consider 
converting part of this 
to a Client Component.
    at ek (C:\projects\abh
inyadesign\node_modules\ne
xt\dist\compiled\next-serv
er\app-page.runtime.prod.j
s:12:140566)
    at Object.toJSON (C:\p
rojects\abhinyadesign\node
_modules\next\dist\compile
d\next-server\app-page.run
time.prod.js:12:135755)
    at stringify 
(<anonymous>)
    at eR (C:\projects\abh
inyadesign\node_modules\ne
xt\dist\compiled\next-serv
er\app-page.runtime.prod.j
s:12:142219)
    at eE (C:\projects\abh
inyadesign\node_modules\ne
xt\dist\compiled\next-serv
er\app-page.runtime.prod.j
s:12:142698)
    at 
AsyncLocalStorage.run (nod
e:internal/async_local_sto
rage/async_hooks:91:14)
    at Timeout._onTimeout 
(C:\projects\abhinyadesign
\node_modules\next\dist\co
mpiled\next-server\app-pag
e.runtime.prod.js:12:15039
7)
    at listOnTimeout (node
:internal/timers:594:17)
    at 
process.processTimers (nod
e:internal/timers:529:7) {
  digest: '187414323'
}
Error: Event handlers 
cannot be passed to 
Client Component props.
  {onClick: function 
onClick, className: ..., 
children: ...}
            
^^^^^^^^^^^^^^^^
If you need 
interactivity, consider 
converting part of this 
to a Client Component.
    at ek (C:\projects\abh
inyadesign\node_modules\ne
xt\dist\compiled\next-serv
er\app-page.runtime.prod.j
s:12:140566)
    at Object.toJSON (C:\p
rojects\abhinyadesign\node
_modules\next\dist\compile
d\next-server\app-page.run
time.prod.js:12:135755)
    at stringify 
(<anonymous>)
    at eR (C:\projects\abh
inyadesign\node_modules\ne
xt\dist\compiled\next-serv
er\app-page.runtime.prod.j
s:12:142219)
    at eE (C:\projects\abh
inyadesign\node_modules\ne
xt\dist\compiled\next-serv
er\app-page.runtime.prod.j
s:12:142698)
    at Timeout._onTimeout 
(C:\projects\abhinyadesign
\node_modules\next\dist\co
mpiled\next-server\app-pag
e.runtime.prod.js:12:13547
5)
    at listOnTimeout (node
:internal/timers:594:17)
    at 
process.processTimers (nod
e:internal/timers:529:7) {
  digest: '211359099'
}
Error: Event handlers 
cannot be passed to 
Client Component props.
  {onClick: function 
onClick, className: ..., 
children: ...}
            
^^^^^^^^^^^^^^^^
If you need 
interactivity, consider 
converting part of this 
to a Client Component.
    at ek (C:\projects\abh
inyadesign\node_modules\ne
xt\dist\compiled\next-serv
er\app-page.runtime.prod.j
s:12:140566)
    at Object.toJSON (C:\p
rojects\abhinyadesign\node
_modules\next\dist\compile
d\next-server\app-page.run
time.prod.js:12:135755)
    at stringify 
(<anonymous>)
    at eR (C:\projects\abh
inyadesign\node_modules\ne
xt\dist\compiled\next-serv
er\app-page.runtime.prod.j
s:12:142219)
    at eE (C:\projects\abh
inyadesign\node_modules\ne
xt\dist\compiled\next-serv
er\app-page.runtime.prod.j
s:12:142698)
    at Timeout._onTimeout 
(C:\projects\abhinyadesign
\node_modules\next\dist\co
mpiled\next-server\app-pag
e.runtime.prod.js:12:13547
5)
    at listOnTimeout (node
:internal/timers:594:17)
    at 
process.processTimers (nod
e:internal/timers:529:7) {
  digest: '211359099'
}
Error: Event handlers 
cannot be passed to 
Client Component props.
  {onClick: function 
onClick, className: ..., 
children: ...}
            
^^^^^^^^^^^^^^^^
If you need 
interactivity, consider 
converting part of this 
to a Client Component.
    at ek (C:\projects\abh
inyadesign\node_modules\ne
xt\dist\compiled\next-serv
er\app-page.runtime.prod.j
s:12:140566)
    at Object.toJSON (C:\p
rojects\abhinyadesign\node
_modules\next\dist\compile
d\next-server\app-page.run
time.prod.js:12:135755)
    at stringify 
(<anonymous>)
    at eR (C:\projects\abh
inyadesign\node_modules\ne
xt\dist\compiled\next-serv
er\app-page.runtime.prod.j
s:12:142219)
    at eE (C:\projects\abh
inyadesign\node_modules\ne
xt\dist\compiled\next-serv
er\app-page.runtime.prod.j
s:12:142698)
    at 
AsyncLocalStorage.run (nod
e:internal/async_local_sto
rage/async_hooks:91:14)
    at Timeout._onTimeout 
(C:\projects\abhinyadesign
\node_modules\next\dist\co
mpiled\next-server\app-pag
e.runtime.prod.js:12:15039
7)
    at listOnTimeout (node
:internal/timers:594:17)
    at 
process.processTimers (nod
e:internal/timers:529:7) {
  digest: '187414323'
}
Error: Event handlers 
cannot be passed to 
Client Component props.
  {onClick: function 
onClick, className: ..., 
children: ...}
            
^^^^^^^^^^^^^^^^
If you need 
interactivity, consider 
converting part of this 
to a Client Component.
    at ek (C:\projects\abh
inyadesign\node_modules\ne
xt\dist\compiled\next-serv
er\app-page.runtime.prod.j
s:12:140566)
    at Object.toJSON (C:\p
rojects\abhinyadesign\node
_modules\next\dist\compile
d\next-server\app-page.run
time.prod.js:12:135755)
    at stringify 
(<anonymous>)
    at eR (C:\projects\abh
inyadesign\node_modules\ne
xt\dist\compiled\next-serv
er\app-page.runtime.prod.j
s:12:142219)
    at eE (C:\projects\abh
inyadesign\node_modules\ne
xt\dist\compiled\next-serv
er\app-page.runtime.prod.j
s:12:142698)
    at Timeout._onTimeout 
(C:\projects\abhinyadesign
\node_modules\next\dist\co
mpiled\next-server\app-pag
e.runtime.prod.js:12:13547
5)
    at listOnTimeout (node
:internal/timers:594:17)
    at 
process.processTimers (nod
e:internal/timers:529:7) {
  digest: '211359099'
}
Error: Event handlers 
cannot be passed to 
Client Component props.
  {onClick: function 
onClick, className: ..., 
children: ...}
            
^^^^^^^^^^^^^^^^
If you need 
interactivity, consider 
converting part of this 
to a Client Component.
    at ek (C:\projects\abh
inyadesign\node_modules\ne
xt\dist\compiled\next-serv
er\app-page.runtime.prod.j
s:12:140566)
    at Object.toJSON (C:\p
rojects\abhinyadesign\node
_modules\next\dist\compile
d\next-server\app-page.run
time.prod.js:12:135755)
    at stringify 
(<anonymous>)
    at eR (C:\projects\abh
inyadesign\node_modules\ne
xt\dist\compiled\next-serv
er\app-page.runtime.prod.j
s:12:142219)
    at eE (C:\projects\abh
inyadesign\node_modules\ne
xt\dist\compiled\next-serv
er\app-page.runtime.prod.j
s:12:142698)
    at Timeout._onTimeout 
(C:\projects\abhinyadesign
\node_modules\next\dist\co
mpiled\next-server\app-pag
e.runtime.prod.js:12:13547
5)
    at listOnTimeout (node
:internal/timers:594:17)
    at 
process.processTimers (nod
e:internal/timers:529:7) {
  digest: '211359099'
}
Error: Event handlers 
cannot be passed to 
Client Component props.
  {onClick: function 
onClick, className: ..., 
children: ...}
            
^^^^^^^^^^^^^^^^
If you need 
interactivity, consider 
converting part of this 
to a Client Component.
    at ek (C:\projects\abh
inyadesign\node_modules\ne
xt\dist\compiled\next-serv
er\app-page.runtime.prod.j
s:12:140566)
    at Object.toJSON (C:\p
rojects\abhinyadesign\node
_modules\next\dist\compile
d\next-server\app-page.run
time.prod.js:12:135755)
    at stringify 
(<anonymous>)
    at eR (C:\projects\abh
inyadesign\node_modules\ne
xt\dist\compiled\next-serv
er\app-page.runtime.prod.j
s:12:142219)
    at eE (C:\projects\abh
inyadesign\node_modules\ne
xt\dist\compiled\next-serv
er\app-page.runtime.prod.j
s:12:142698)
    at 
AsyncLocalStorage.run (nod
e:internal/async_local_sto
rage/async_hooks:91:14)
    at Timeout._onTimeout 
(C:\projects\abhinyadesign
\node_modules\next\dist\co
mpiled\next-server\app-pag
e.runtime.prod.js:12:15039
7)
    at listOnTimeout (node
:internal/timers:594:17)
    at 
process.processTimers (nod
e:internal/timers:529:7) {
  digest: '187414323'
}
Error: Event handlers 
cannot be passed to 
Client Component props.
  {onClick: function 
onClick, className: ..., 
children: ...}
            
^^^^^^^^^^^^^^^^
If you need 
interactivity, consider 
converting part of this 
to a Client Component.
    at ek (C:\projects\abh
inyadesign\node_modules\ne
xt\dist\compiled\next-serv
er\app-page.runtime.prod.j
s:12:140566)
    at Object.toJSON (C:\p
rojects\abhinyadesign\node
_modules\next\dist\compile
d\next-server\app-page.run
time.prod.js:12:135755)
    at stringify 
(<anonymous>)
    at eR (C:\projects\abh
inyadesign\node_modules\ne
xt\dist\compiled\next-serv
er\app-page.runtime.prod.j
s:12:142219)
    at eE (C:\projects\abh
inyadesign\node_modules\ne
xt\dist\compiled\next-serv
er\app-page.runtime.prod.j
s:12:142698)
    at 
AsyncLocalStorage.run (nod
e:internal/async_local_sto
rage/async_hooks:91:14)
    at Timeout._onTimeout 
(C:\projects\abhinyadesign
\node_modules\next\dist\co
mpiled\next-server\app-pag
e.runtime.prod.js:12:15039
7)
    at listOnTimeout (node
:internal/timers:594:17)
    at 
process.processTimers (nod
e:internal/timers:529:7) {
  digest: '187414323'
}
Error: Event handlers 
cannot be passed to 
Client Component props.
  {onClick: function 
onClick, className: ..., 
children: ...}
            
^^^^^^^^^^^^^^^^
If you need 
interactivity, consider 
converting part of this 
to a Client Component.
    at ek (C:\projects\abh
inyadesign\node_modules\ne
xt\dist\compiled\next-serv
er\app-page.runtime.prod.j
s:12:140566)
    at Object.toJSON (C:\p
rojects\abhinyadesign\node
_modules\next\dist\compile
d\next-server\app-page.run
time.prod.js:12:135755)
    at stringify 
(<anonymous>)
    at eR (C:\projects\abh
inyadesign\node_modules\ne
xt\dist\compiled\next-serv
er\app-page.runtime.prod.j
s:12:142219)
    at eE (C:\projects\abh
inyadesign\node_modules\ne
xt\dist\compiled\next-serv
er\app-page.runtime.prod.j
s:12:142698)
    at 
AsyncLocalStorage.run (nod
e:internal/async_local_sto
rage/async_hooks:91:14)
    at Timeout._onTimeout 
(C:\projects\abhinyadesign
\node_modules\next\dist\co
mpiled\next-server\app-pag
e.runtime.prod.js:12:15039
7)
    at listOnTimeout (node
:internal/timers:594:17)
    at 
process.processTimers (nod
e:internal/timers:529:7) {
  digest: '187414323'
}
Error: Event handlers 
cannot be passed to 
Client Component props.
  {onClick: function 
onClick, className: ..., 
children: ...}
            
^^^^^^^^^^^^^^^^
If you need 
interactivity, consider 
converting part of this 
to a Client Component.
    at ek (C:\projects\abh
inyadesign\node_modules\ne
xt\dist\compiled\next-serv
er\app-page.runtime.prod.j
s:12:140566)
    at Object.toJSON (C:\p
rojects\abhinyadesign\node
_modules\next\dist\compile
d\next-server\app-page.run
time.prod.js:12:135755)
    at stringify 
(<anonymous>)
    at eR (C:\projects\abh
inyadesign\node_modules\ne
xt\dist\compiled\next-serv
er\app-page.runtime.prod.j
s:12:142219)
    at eE (C:\projects\abh
inyadesign\node_modules\ne
xt\dist\compiled\next-serv
er\app-page.runtime.prod.j
s:12:142698)
    at 
AsyncLocalStorage.run (nod
e:internal/async_local_sto
rage/async_hooks:91:14)
    at Timeout._onTimeout 
(C:\projects\abhinyadesign
\node_modules\next\dist\co
mpiled\next-server\app-pag
e.runtime.prod.js:12:15039
7)
    at listOnTimeout (node
:internal/timers:594:17)
    at 
process.processTimers (nod
e:internal/timers:529:7) {
  digest: '187414323'
}
Error: Event handlers 
cannot be passed to 
Client Component props.
  {onClick: function 
onClick, className: ..., 
children: ...}
            
^^^^^^^^^^^^^^^^
If you need 
interactivity, consider 
converting part of this 
to a Client Component.
    at ek (C:\projects\abh
inyadesign\node_modules\ne
xt\dist\compiled\next-serv
er\app-page.runtime.prod.j
s:12:140566)
    at Object.toJSON (C:\p
rojects\abhinyadesign\node
_modules\next\dist\compile
d\next-server\app-page.run
time.prod.js:12:135755)
    at stringify 
(<anonymous>)
    at eR (C:\projects\abh
inyadesign\node_modules\ne
xt\dist\compiled\next-serv
er\app-page.runtime.prod.j
s:12:142219)
    at eE (C:\projects\abh
inyadesign\node_modules\ne
xt\dist\compiled\next-serv
er\app-page.runtime.prod.j
s:12:142698)
    at Timeout._onTimeout 
(C:\projects\abhinyadesign
\node_modules\next\dist\co
mpiled\next-server\app-pag
e.runtime.prod.js:12:13547
5)
    at listOnTimeout (node
:internal/timers:594:17)
    at 
process.processTimers (nod
e:internal/timers:529:7) {
  digest: '211359099'
}
Error: Event handlers 
cannot be passed to 
Client Component props.
  {onClick: function 
onClick, className: ..., 
children: ...}
            
^^^^^^^^^^^^^^^^
If you need 
interactivity, consider 
converting part of this 
to a Client Component.
    at ek (C:\projects\abh
inyadesign\node_modules\ne
xt\dist\compiled\next-serv
er\app-page.runtime.prod.j
s:12:140566)
    at Object.toJSON (C:\p
rojects\abhinyadesign\node
_modules\next\dist\compile
d\next-server\app-page.run
time.prod.js:12:135755)
    at stringify 
(<anonymous>)
    at eR (C:\projects\abh
inyadesign\node_modules\ne
xt\dist\compiled\next-serv
er\app-page.runtime.prod.j
s:12:142219)
    at eE (C:\projects\abh
inyadesign\node_modules\ne
xt\dist\compiled\next-serv
er\app-page.runtime.prod.j
s:12:142698)
    at Timeout._onTimeout 
(C:\projects\abhinyadesign
\node_modules\next\dist\co
mpiled\next-server\app-pag
e.runtime.prod.js:12:13547
5)
    at listOnTimeout (node
:internal/timers:594:17)
    at 
process.processTimers (nod
e:internal/timers:529:7) {
  digest: '211359099'
}
Error: Event handlers 
cannot be passed to 
Client Component props.
  {onClick: function 
onClick, className: ..., 
children: ...}
            
^^^^^^^^^^^^^^^^
If you need 
interactivity, consider 
converting part of this 
to a Client Component.
    at ek (C:\projects\abh
inyadesign\node_modules\ne
xt\dist\compiled\next-serv
er\app-page.runtime.prod.j
s:12:140566)
    at Object.toJSON (C:\p
rojects\abhinyadesign\node
_modules\next\dist\compile
d\next-server\app-page.run
time.prod.js:12:135755)
    at stringify 
(<anonymous>)
    at eR (C:\projects\abh
inyadesign\node_modules\ne
xt\dist\compiled\next-serv
er\app-page.runtime.prod.j
s:12:142219)
    at eE (C:\projects\abh
inyadesign\node_modules\ne
xt\dist\compiled\next-serv
er\app-page.runtime.prod.j
s:12:142698)
    at Timeout._onTimeout 
(C:\projects\abhinyadesign
\node_modules\next\dist\co
mpiled\next-server\app-pag
e.runtime.prod.js:12:13547
5)
    at listOnTimeout (node
:internal/timers:594:17)
    at 
process.processTimers (nod
e:internal/timers:529:7) {
  digest: '211359099'
}
Error: Event handlers 
cannot be passed to 
Client Component props.
  {onClick: function 
onClick, className: ..., 
children: ...}
            
^^^^^^^^^^^^^^^^
If you need 
interactivity, consider 
converting part of this 
to a Client Component.
    at ek (C:\projects\abh
inyadesign\node_modules\ne
xt\dist\compiled\next-serv
er\app-page.runtime.prod.j
s:12:140566)
    at Object.toJSON (C:\p
rojects\abhinyadesign\node
_modules\next\dist\compile
d\next-server\app-page.run
time.prod.js:12:135755)
    at stringify 
(<anonymous>)
    at eR (C:\projects\abh
inyadesign\node_modules\ne
xt\dist\compiled\next-serv
er\app-page.runtime.prod.j
s:12:142219)
    at eE (C:\projects\abh
inyadesign\node_modules\ne
xt\dist\compiled\next-serv
er\app-page.runtime.prod.j
s:12:142698)
    at Timeout._onTimeout 
(C:\projects\abhinyadesign
\node_modules\next\dist\co
mpiled\next-server\app-pag
e.runtime.prod.js:12:13547
5)
    at listOnTimeout (node
:internal/timers:594:17)
    at 
process.processTimers (nod
e:internal/timers:529:7) {
  digest: '211359099'
}
Error: Event handlers 
cannot be passed to 
Client Component props.
  {onClick: function 
onClick, className: ..., 
children: ...}
            
^^^^^^^^^^^^^^^^
If you need 
interactivity, consider 
converting part of this 
to a Client Component.
    at ek (C:\projects\abh
inyadesign\node_modules\ne
xt\dist\compiled\next-serv
er\app-page.runtime.prod.j
s:12:140566)
    at Object.toJSON (C:\p
rojects\abhinyadesign\node
_modules\next\dist\compile
d\next-server\app-page.run
time.prod.js:12:135755)
    at stringify 
(<anonymous>)
    at eR (C:\projects\abh
inyadesign\node_modules\ne
xt\dist\compiled\next-serv
er\app-page.runtime.prod.j
s:12:142219)
    at eE (C:\projects\abh
inyadesign\node_modules\ne
xt\dist\compiled\next-serv
er\app-page.runtime.prod.j
s:12:142698)
    at Timeout._onTimeout 
(C:\projects\abhinyadesign
\node_modules\next\dist\co
mpiled\next-server\app-pag
e.runtime.prod.js:12:13547
5)
    at listOnTimeout (node
:internal/timers:594:17)
    at 
process.processTimers (nod
e:internal/timers:529:7) {
  digest: '211359099'
}
Error: Event handlers 
cannot be passed to 
Client Component props.
  {onClick: function 
onClick, className: ..., 
children: ...}
            
^^^^^^^^^^^^^^^^
If you need 
interactivity, consider 
converting part of this 
to a Client Component.
    at ek (C:\projects\abh
inyadesign\node_modules\ne
xt\dist\compiled\next-serv
er\app-page.runtime.prod.j
s:12:140566)
    at Object.toJSON (C:\p
rojects\abhinyadesign\node
_modules\next\dist\compile
d\next-server\app-page.run
time.prod.js:12:135755)
    at stringify 
(<anonymous>)
    at eR (C:\projects\abh
inyadesign\node_modules\ne
xt\dist\compiled\next-serv
er\app-page.runtime.prod.j
s:12:142219)
    at eE (C:\projects\abh
inyadesign\node_modules\ne
xt\dist\compiled\next-serv
er\app-page.runtime.prod.j
s:12:142698)
    at Timeout._onTimeout 
(C:\projects\abhinyadesign
\node_modules\next\dist\co
mpiled\next-server\app-pag
e.runtime.prod.js:12:13547
5)
    at listOnTimeout (node
:internal/timers:594:17)
    at 
process.processTimers (nod
e:internal/timers:529:7) {
  digest: '211359099'
}
Error: Event handlers 
cannot be passed to 
Client Component props.
  {onClick: function 
onClick, className: ..., 
children: ...}
            
^^^^^^^^^^^^^^^^
If you need 
interactivity, consider 
converting part of this 
to a Client Component.
    at ek (C:\projects\abh
inyadesign\node_modules\ne
xt\dist\compiled\next-serv
er\app-page.runtime.prod.j
s:12:140566)
    at Object.toJSON (C:\p
rojects\abhinyadesign\node
_modules\next\dist\compile
d\next-server\app-page.run
time.prod.js:12:135755)
    at stringify 
(<anonymous>)
    at eR (C:\projects\abh
inyadesign\node_modules\ne
xt\dist\compiled\next-serv
er\app-page.runtime.prod.j
s:12:142219)
    at eE (C:\projects\abh
inyadesign\node_modules\ne
xt\dist\compiled\next-serv
er\app-page.runtime.prod.j
s:12:142698)
    at Timeout._onTimeout 
(C:\projects\abhinyadesign
\node_modules\next\dist\co
mpiled\next-server\app-pag
e.runtime.prod.js:12:13547
5)
    at listOnTimeout (node
:internal/timers:594:17)
    at 
process.processTimers (nod
e:internal/timers:529:7) {
  digest: '211359099'
}
Error: Event handlers 
cannot be passed to 
Client Component props.
  {onClick: function 
onClick, className: ..., 
children: ...}
            
^^^^^^^^^^^^^^^^
If you need 
interactivity, consider 
converting part of this 
to a Client Component.
    at ek (C:\projects\abh
inyadesign\node_modules\ne
xt\dist\compiled\next-serv
er\app-page.runtime.prod.j
s:12:140566)
    at Object.toJSON (C:\p
rojects\abhinyadesign\node
_modules\next\dist\compile
d\next-server\app-page.run
time.prod.js:12:135755)
    at stringify 
(<anonymous>)
    at eR (C:\projects\abh
inyadesign\node_modules\ne
xt\dist\compiled\next-serv
er\app-page.runtime.prod.j
s:12:142219)
    at eE (C:\projects\abh
inyadesign\node_modules\ne
xt\dist\compiled\next-serv
er\app-page.runtime.prod.j
s:12:142698)
    at Timeout._onTimeout 
(C:\projects\abhinyadesign
\node_modules\next\dist\co
mpiled\next-server\app-pag
e.runtime.prod.js:12:13547
5)
    at listOnTimeout (node
:internal/timers:594:17)
    at 
process.processTimers (nod
e:internal/timers:529:7) {
  digest: '211359099'
}
Error: Event handlers 
cannot be passed to 
Client Component props.
  {onClick: function 
onClick, className: ..., 
children: ...}
            
^^^^^^^^^^^^^^^^
If you need 
interactivity, consider 
converting part of this 
to a Client Component.
    at ek (C:\projects\abh
inyadesign\node_modules\ne
xt\dist\compiled\next-serv
er\app-page.runtime.prod.j
s:12:140566)
    at Object.toJSON (C:\p
rojects\abhinyadesign\node
_modules\next\dist\compile
d\next-server\app-page.run
time.prod.js:12:135755)
    at stringify 
(<anonymous>)
    at eR (C:\projects\abh
inyadesign\node_modules\ne
xt\dist\compiled\next-serv
er\app-page.runtime.prod.j
s:12:142219)
    at eE (C:\projects\abh
inyadesign\node_modules\ne
xt\dist\compiled\next-serv
er\app-page.runtime.prod.j
s:12:142698)
    at 
AsyncLocalStorage.run (nod
e:internal/async_local_sto
rage/async_hooks:91:14)
    at Timeout._onTimeout 
(C:\projects\abhinyadesign
\node_modules\next\dist\co
mpiled\next-server\app-pag
e.runtime.prod.js:12:15039
7)
    at listOnTimeout (node
:internal/timers:594:17)
    at 
process.processTimers (nod
e:internal/timers:529:7) {
  digest: '187414323'
}
Error: Event handlers 
cannot be passed to 
Client Component props.
  {onClick: function 
onClick, className: ..., 
children: ...}
            
^^^^^^^^^^^^^^^^
If you need 
interactivity, consider 
converting part of this 
to a Client Component.
    at ek (C:\projects\abh
inyadesign\node_modules\ne
xt\dist\compiled\next-serv
er\app-page.runtime.prod.j
s:12:140566)
    at Object.toJSON (C:\p
rojects\abhinyadesign\node
_modules\next\dist\compile
d\next-server\app-page.run
time.prod.js:12:135755)
    at stringify 
(<anonymous>)
    at eR (C:\projects\abh
inyadesign\node_modules\ne
xt\dist\compiled\next-serv
er\app-page.runtime.prod.j
s:12:142219)
    at eE (C:\projects\abh
inyadesign\node_modules\ne
xt\dist\compiled\next-serv
er\app-page.runtime.prod.j
s:12:142698)
    at Timeout._onTimeout 
(C:\projects\abhinyadesign
\node_modules\next\dist\co
mpiled\next-server\app-pag
e.runtime.prod.js:12:13547
5)
    at listOnTimeout (node
:internal/timers:594:17)
    at 
process.processTimers (nod
e:internal/timers:529:7) {
  digest: '211359099'
}
Error: Event handlers 
cannot be passed to 
Client Component props.
  {onClick: function 
onClick, className: ..., 
children: ...}
            
^^^^^^^^^^^^^^^^
If you need 
interactivity, consider 
converting part of this 
to a Client Component.
    at ek (C:\projects\abh
inyadesign\node_modules\ne
xt\dist\compiled\next-serv
er\app-page.runtime.prod.j
s:12:140566)
    at Object.toJSON (C:\p
rojects\abhinyadesign\node
_modules\next\dist\compile
d\next-server\app-page.run
time.prod.js:12:135755)
    at stringify 
(<anonymous>)
    at eR (C:\projects\abh
inyadesign\node_modules\ne
xt\dist\compiled\next-serv
er\app-page.runtime.prod.j
s:12:142219)
    at eE (C:\projects\abh
inyadesign\node_modules\ne
xt\dist\compiled\next-serv
er\app-page.runtime.prod.j
s:12:142698)
    at Timeout._onTimeout 
(C:\projects\abhinyadesign
\node_modules\next\dist\co
mpiled\next-server\app-pag
e.runtime.prod.js:12:13547
5)
    at listOnTimeout (node
:internal/timers:594:17)
    at 
process.processTimers (nod
e:internal/timers:529:7) {
  digest: '211359099'
}
Error: Event handlers 
cannot be passed to 
Client Component props.
  {onClick: function 
onClick, className: ..., 
children: ...}
            
^^^^^^^^^^^^^^^^
If you need 
interactivity, consider 
converting part of this 
to a Client Component.
    at ek (C:\projects\abh
inyadesign\node_modules\ne
xt\dist\compiled\next-serv
er\app-page.runtime.prod.j
s:12:140566)
    at Object.toJSON (C:\p
rojects\abhinyadesign\node
_modules\next\dist\compile
d\next-server\app-page.run
time.prod.js:12:135755)
    at stringify 
(<anonymous>)
    at eR (C:\projects\abh
inyadesign\node_modules\ne
xt\dist\compiled\next-serv
er\app-page.runtime.prod.j
s:12:142219)
    at eE (C:\projects\abh
inyadesign\node_modules\ne
xt\dist\compiled\next-serv
er\app-page.runtime.prod.j
s:12:142698)
    at 
AsyncLocalStorage.run (nod
e:internal/async_local_sto
rage/async_hooks:91:14)
    at Timeout._onTimeout 
(C:\projects\abhinyadesign
\node_modules\next\dist\co
mpiled\next-server\app-pag
e.runtime.prod.js:12:15039
7)
    at listOnTimeout (node
:internal/timers:594:17)
    at 
process.processTimers (nod
e:internal/timers:529:7) {
  digest: '187414323'
}
Error: Event handlers 
cannot be passed to 
Client Component props.
  {onClick: function 
onClick, className: ..., 
children: ...}
            
^^^^^^^^^^^^^^^^
If you need 
interactivity, consider 
converting part of this 
to a Client Component.
    at ek (C:\projects\abh
inyadesign\node_modules\ne
xt\dist\compiled\next-serv
er\app-page.runtime.prod.j
s:12:140566)
    at Object.toJSON (C:\p
rojects\abhinyadesign\node
_modules\next\dist\compile
d\next-server\app-page.run
time.prod.js:12:135755)
    at stringify 
(<anonymous>)
    at eR (C:\projects\abh
inyadesign\node_modules\ne
xt\dist\compiled\next-serv
er\app-page.runtime.prod.j
s:12:142219)
    at eE (C:\projects\abh
inyadesign\node_modules\ne
xt\dist\compiled\next-serv
er\app-page.runtime.prod.j
s:12:142698)
    at Timeout._onTimeout 
(C:\projects\abhinyadesign
\node_modules\next\dist\co
mpiled\next-server\app-pag
e.runtime.prod.js:12:13547
5)
    at listOnTimeout (node
:internal/timers:594:17)
    at 
process.processTimers (nod
e:internal/timers:529:7) {
  digest: '211359099'
}
Error: Event handlers 
cannot be passed to 
Client Component props.
  {onClick: function 
onClick, className: ..., 
children: ...}
            
^^^^^^^^^^^^^^^^
If you need 
interactivity, consider 
converting part of this 
to a Client Component.
    at ek (C:\projects\abh
inyadesign\node_modules\ne
xt\dist\compiled\next-serv
er\app-page.runtime.prod.j
s:12:140566)
    at Object.toJSON (C:\p
rojects\abhinyadesign\node
_modules\next\dist\compile
d\next-server\app-page.run
time.prod.js:12:135755)
    at stringify 
(<anonymous>)
    at eR (C:\projects\abh
inyadesign\node_modules\ne
xt\dist\compiled\next-serv
er\app-page.runtime.prod.j
s:12:142219)
    at eE (C:\projects\abh
inyadesign\node_modules\ne
xt\dist\compiled\next-serv
er\app-page.runtime.prod.j
s:12:142698)
    at Timeout._onTimeout 
(C:\projects\abhinyadesign
\node_modules\next\dist\co
mpiled\next-server\app-pag
e.runtime.prod.js:12:13547
5)
    at listOnTimeout (node
:internal/timers:594:17)
    at 
process.processTimers (nod
e:internal/timers:529:7) {
  digest: '211359099'
}
Error: Event handlers 
cannot be passed to 
Client Component props.
  {onClick: function 
onClick, className: ..., 
children: ...}
            
^^^^^^^^^^^^^^^^
If you need 
interactivity, consider 
converting part of this 
to a Client Component.
    at ek (C:\projects\abh
inyadesign\node_modules\ne
xt\dist\compiled\next-serv
er\app-page.runtime.prod.j
s:12:140566)
    at Object.toJSON (C:\p
rojects\abhinyadesign\node
_modules\next\dist\compile
d\next-server\app-page.run
time.prod.js:12:135755)
    at stringify 
(<anonymous>)
    at eR (C:\projects\abh
inyadesign\node_modules\ne
xt\dist\compiled\next-serv
er\app-page.runtime.prod.j
s:12:142219)
    at eE (C:\projects\abh
inyadesign\node_modules\ne
xt\dist\compiled\next-serv
er\app-page.runtime.prod.j
s:12:142698)
    at Timeout._onTimeout 
(C:\projects\abhinyadesign
\node_modules\next\dist\co
mpiled\next-server\app-pag
e.runtime.prod.js:12:13547
5)
    at listOnTimeout (node
:internal/timers:594:17)
    at 
process.processTimers (nod
e:internal/timers:529:7) {
  digest: '211359099'
}
Error: Event handlers 
cannot be passed to 
Client Component props.
  {onClick: function 
onClick, className: ..., 
children: ...}
            
^^^^^^^^^^^^^^^^
If you need 
interactivity, consider 
converting part of this 
to a Client Component.
    at ek (C:\projects\abh
inyadesign\node_modules\ne
xt\dist\compiled\next-serv
er\app-page.runtime.prod.j
s:12:140566)
    at Object.toJSON (C:\p
rojects\abhinyadesign\node
_modules\next\dist\compile
d\next-server\app-page.run
time.prod.js:12:135755)
    at stringify 
(<anonymous>)
    at eR (C:\projects\abh
inyadesign\node_modules\ne
xt\dist\compiled\next-serv
er\app-page.runtime.prod.j
s:12:142219)
    at eE (C:\projects\abh
inyadesign\node_modules\ne
xt\dist\compiled\next-serv
er\app-page.runtime.prod.j
s:12:142698)
    at 
AsyncLocalStorage.run (nod
e:internal/async_local_sto
rage/async_hooks:91:14)
    at Timeout._onTimeout 
(C:\projects\abhinyadesign
\node_modules\next\dist\co
mpiled\next-server\app-pag
e.runtime.prod.js:12:15039
7)
    at listOnTimeout (node
:internal/timers:594:17)
    at 
process.processTimers (nod
e:internal/timers:529:7) {
  digest: '187414323'
}
Error: Event handlers 
cannot be passed to 
Client Component props.
  {onClick: function 
onClick, className: ..., 
children: ...}
            
^^^^^^^^^^^^^^^^
If you need 
interactivity, consider 
converting part of this 
to a Client Component.
    at ek (C:\projects\abh
inyadesign\node_modules\ne
xt\dist\compiled\next-serv
er\app-page.runtime.prod.j
s:12:140566)
    at Object.toJSON (C:\p
rojects\abhinyadesign\node
_modules\next\dist\compile
d\next-server\app-page.run
time.prod.js:12:135755)
    at stringify 
(<anonymous>)
    at eR (C:\projects\abh
inyadesign\node_modules\ne
xt\dist\compiled\next-serv
er\app-page.runtime.prod.j
s:12:142219)
    at eE (C:\projects\abh
inyadesign\node_modules\ne
xt\dist\compiled\next-serv
er\app-page.runtime.prod.j
s:12:142698)
    at Timeout._onTimeout 
(C:\projects\abhinyadesign
\node_modules\next\dist\co
mpiled\next-server\app-pag
e.runtime.prod.js:12:13547
5)
    at listOnTimeout (node
:internal/timers:594:17)
    at 
process.processTimers (nod
e:internal/timers:529:7) {
  digest: '211359099'
}
Error: Event handlers 
cannot be passed to 
Client Component props.
  {onClick: function 
onClick, className: ..., 
children: ...}
            
^^^^^^^^^^^^^^^^
If you need 
interactivity, consider 
converting part of this 
to a Client Component.
    at ek (C:\projects\abh
inyadesign\node_modules\ne
xt\dist\compiled\next-serv
er\app-page.runtime.prod.j
s:12:140566)
    at Object.toJSON (C:\p
rojects\abhinyadesign\node
_modules\next\dist\compile
d\next-server\app-page.run
time.prod.js:12:135755)
    at stringify 
(<anonymous>)
    at eR (C:\projects\abh
inyadesign\node_modules\ne
xt\dist\compiled\next-serv
er\app-page.runtime.prod.j
s:12:142219)
    at eE (C:\projects\abh
inyadesign\node_modules\ne
xt\dist\compiled\next-serv
er\app-page.runtime.prod.j
s:12:142698)
    at 
AsyncLocalStorage.run (nod
e:internal/async_local_sto
rage/async_hooks:91:14)
    at Timeout._onTimeout 
(C:\projects\abhinyadesign
\node_modules\next\dist\co
mpiled\next-server\app-pag
e.runtime.prod.js:12:15039
7)
    at listOnTimeout (node
:internal/timers:594:17)
    at 
process.processTimers (nod
e:internal/timers:529:7) {
  digest: '187414323'
}
Error: Event handlers 
cannot be passed to 
Client Component props.
  {onClick: function 
onClick, className: ..., 
children: ...}
            
^^^^^^^^^^^^^^^^
If you need 
interactivity, consider 
converting part of this 
to a Client Component.
    at ek (C:\projects\abh
inyadesign\node_modules\ne
xt\dist\compiled\next-serv
er\app-page.runtime.prod.j
s:12:140566)
    at Object.toJSON (C:\p
rojects\abhinyadesign\node
_modules\next\dist\compile
d\next-server\app-page.run
time.prod.js:12:135755)
    at stringify 
(<anonymous>)
    at eR (C:\projects\abh
inyadesign\node_modules\ne
xt\dist\compiled\next-serv
er\app-page.runtime.prod.j
s:12:142219)
    at eE (C:\projects\abh
inyadesign\node_modules\ne
xt\dist\compiled\next-serv
er\app-page.runtime.prod.j
s:12:142698)
    at Timeout._onTimeout 
(C:\projects\abhinyadesign
\node_modules\next\dist\co
mpiled\next-server\app-pag
e.runtime.prod.js:12:13547
5)
    at listOnTimeout (node
:internal/timers:594:17)
    at 
process.processTimers (nod
e:internal/timers:529:7) {
  digest: '211359099'
}
Error: Event handlers 
cannot be passed to 
Client Component props.
  {onClick: function 
onClick, className: ..., 
children: ...}
            
^^^^^^^^^^^^^^^^
If you need 
interactivity, consider 
converting part of this 
to a Client Component.
    at ek (C:\projects\abh
inyadesign\node_modules\ne
xt\dist\compiled\next-serv
er\app-page.runtime.prod.j
s:12:140566)
    at Object.toJSON (C:\p
rojects\abhinyadesign\node
_modules\next\dist\compile
d\next-server\app-page.run
time.prod.js:12:135755)
    at stringify 
(<anonymous>)
    at eR (C:\projects\abh
inyadesign\node_modules\ne
xt\dist\compiled\next-serv
er\app-page.runtime.prod.j
s:12:142219)
    at eE (C:\projects\abh
inyadesign\node_modules\ne
xt\dist\compiled\next-serv
er\app-page.runtime.prod.j
s:12:142698)
    at Timeout._onTimeout 
(C:\projects\abhinyadesign
\node_modules\next\dist\co
mpiled\next-server\app-pag
e.runtime.prod.js:12:13547
5)
    at listOnTimeout (node
:internal/timers:594:17)
    at 
process.processTimers (nod
e:internal/timers:529:7) {
  digest: '211359099'
}
Error: Event handlers 
cannot be passed to 
Client Component props.
  {onClick: function 
onClick, className: ..., 
children: ...}
            
^^^^^^^^^^^^^^^^
If you need 
interactivity, consider 
converting part of this 
to a Client Component.
    at ek (C:\projects\abh
inyadesign\node_modules\ne
xt\dist\compiled\next-serv
er\app-page.runtime.prod.j
s:12:140566)
    at Object.toJSON (C:\p
rojects\abhinyadesign\node
_modules\next\dist\compile
d\next-server\app-page.run
time.prod.js:12:135755)
    at stringify 
(<anonymous>)
    at eR (C:\projects\abh
inyadesign\node_modules\ne
xt\dist\compiled\next-serv
er\app-page.runtime.prod.j
s:12:142219)
    at eE (C:\projects\abh
inyadesign\node_modules\ne
xt\dist\compiled\next-serv
er\app-page.runtime.prod.j
s:12:142698)
    at Timeout._onTimeout 
(C:\projects\abhinyadesign
\node_modules\next\dist\co
mpiled\next-server\app-pag
e.runtime.prod.js:12:13547
5)
    at listOnTimeout (node
:internal/timers:594:17)
    at 
process.processTimers (nod
e:internal/timers:529:7) {
  digest: '211359099'
}
 ΓÜá Sending SIGTERM 
signal to static worker 
due to timeout of 60 
seconds. Subsequent 
errors may be a result of 
the worker exiting.
 ΓÜá Restarted static 
page generation for 
/careers because it took 
more than 60 seconds
 ΓÜá Restarted static 
page generation for 
/_not-found because it 
took more than 60 seconds
 ΓÜá Restarted static 
page generation for 
/contact because it took 
more than 60 seconds
 ΓÜá Restarted static 
page generation for / 
because it took more than 
60 seconds
 ΓÜá Restarted static 
page generation for 
/services because it took 
more than 60 seconds
 ΓÜá Restarted static 
page generation for 
/about because it took 
more than 60 seconds
 ΓÜá Restarted static 
page generation for /blog 
because it took more than 
60 seconds
 ΓÜá Restarted static 
page generation for 
/solutions because it 
took more than 60 seconds
 ΓÜá Restarted static 
page generation for 
/services/web-development 
because it took more than 
60 seconds
 ΓÜá Restarted static 
page generation for 
/services/mobile-apps 
because it took more than 
60 seconds
 ΓÜá Restarted static 
page generation for 
/services/ui-ux-design 
because it took more than 
60 seconds
 ΓÜá Restarted static 
page generation for 
/services/cloud-solutions 
because it took more than 
60 seconds
 ΓÜá Restarted static 
page generation for 
/services/ai-ml because 
it took more than 60 
seconds
 ΓÜá Restarted static 
page generation for 
/services/cybersecurity 
because it took more than 
60 seconds
 ΓÜá Restarted static 
page generation for 
/blog/nextjs-14-future 
because it took more than 
60 seconds
 ΓÜá Restarted static 
page generation for 
/blog/accessibility-guide 
because it took more than 
60 seconds
 ΓÜá Restarted static 
page generation for 
/blog/ai-saas-integration 
because it took more than 
60 seconds
 ΓÜá Restarted static 
page generation for 
/pricing because it took 
more than 60 seconds
Error: Event handlers 
cannot be passed to 
Client Component props.
  {onClick: function 
onClick, className: ..., 
children: ...}
            
^^^^^^^^^^^^^^^^
If you need 
interactivity, consider 
converting part of this 
to a Client Component.
    at ek (C:\projects\abh
inyadesign\node_modules\ne
xt\dist\compiled\next-serv
er\app-page.runtime.prod.j
s:12:140566)
    at Object.toJSON (C:\p
rojects\abhinyadesign\node
_modules\next\dist\compile
d\next-server\app-page.run
time.prod.js:12:135755)
    at stringify 
(<anonymous>)
    at eR (C:\projects\abh
inyadesign\node_modules\ne
xt\dist\compiled\next-serv
er\app-page.runtime.prod.j
s:12:142219)
    at eE (C:\projects\abh
inyadesign\node_modules\ne
xt\dist\compiled\next-serv
er\app-page.runtime.prod.j
s:12:142698)
    at 
AsyncLocalStorage.run (nod
e:internal/async_local_sto
rage/async_hooks:91:14)
    at Timeout._onTimeout 
(C:\projects\abhinyadesign
\node_modules\next\dist\co
mpiled\next-server\app-pag
e.runtime.prod.js:12:15039
7)
    at listOnTimeout (node
:internal/timers:594:17)
    at 
process.processTimers (nod
e:internal/timers:529:7) {
  digest: '187414323'
}
Error: Event handlers 
cannot be passed to 
Client Component props.
  {onClick: function 
onClick, className: ..., 
children: ...}
            
^^^^^^^^^^^^^^^^
If you need 
interactivity, consider 
converting part of this 
to a Client Component.
    at ek (C:\projects\abh
inyadesign\node_modules\ne
xt\dist\compiled\next-serv
er\app-page.runtime.prod.j
s:12:140566)
    at Object.toJSON (C:\p
rojects\abhinyadesign\node
_modules\next\dist\compile
d\next-server\app-page.run
time.prod.js:12:135755)
    at stringify 
(<anonymous>)
    at eR (C:\projects\abh
inyadesign\node_modules\ne
xt\dist\compiled\next-serv
er\app-page.runtime.prod.j
s:12:142219)
    at eE (C:\projects\abh
inyadesign\node_modules\ne
xt\dist\compiled\next-serv
er\app-page.runtime.prod.j
s:12:142698)
    at 
AsyncLocalStorage.run (nod
e:internal/async_local_sto
rage/async_hooks:91:14)
    at Timeout._onTimeout 
(C:\projects\abhinyadesign
\node_modules\next\dist\co
mpiled\next-server\app-pag
e.runtime.prod.js:12:15039
7)
    at listOnTimeout (node
:internal/timers:594:17)
    at 
process.processTimers (nod
e:internal/timers:529:7) {
  digest: '187414323'
}
Error: Event handlers 
cannot be passed to 
Client Component props.
  {onClick: function 
onClick, className: ..., 
children: ...}
            
^^^^^^^^^^^^^^^^
If you need 
interactivity, consider 
converting part of this 
to a Client Component.
    at ek (C:\projects\abh
inyadesign\node_modules\ne
xt\dist\compiled\next-serv
er\app-page.runtime.prod.j
s:12:140566)
    at Object.toJSON (C:\p
rojects\abhinyadesign\node
_modules\next\dist\compile
d\next-server\app-page.run
time.prod.js:12:135755)
    at stringify 
(<anonymous>)
    at eR (C:\projects\abh
inyadesign\node_modules\ne
xt\dist\compiled\next-serv
er\app-page.runtime.prod.j
s:12:142219)
    at eE (C:\projects\abh
inyadesign\node_modules\ne
xt\dist\compiled\next-serv
er\app-page.runtime.prod.j
s:12:142698)
    at 
AsyncLocalStorage.run (nod
e:internal/async_local_sto
rage/async_hooks:91:14)
    at Timeout._onTimeout 
(C:\projects\abhinyadesign
\node_modules\next\dist\co
mpiled\next-server\app-pag
e.runtime.prod.js:12:15039
7)
    at listOnTimeout (node
:internal/timers:594:17)
    at 
process.processTimers (nod
e:internal/timers:529:7) {
  digest: '187414323'
}
Error: Event handlers 
cannot be passed to 
Client Component props.
  {onClick: function 
onClick, className: ..., 
children: ...}
            
^^^^^^^^^^^^^^^^
If you need 
interactivity, consider 
converting part of this 
to a Client Component.
    at ek (C:\projects\abh
inyadesign\node_modules\ne
xt\dist\compiled\next-serv
er\app-page.runtime.prod.j
s:12:140566)
    at Object.toJSON (C:\p
rojects\abhinyadesign\node
_modules\next\dist\compile
d\next-server\app-page.run
time.prod.js:12:135755)
    at stringify 
(<anonymous>)
    at eR (C:\projects\abh
inyadesign\node_modules\ne
xt\dist\compiled\next-serv
er\app-page.runtime.prod.j
s:12:142219)
    at eE (C:\projects\abh
inyadesign\node_modules\ne
xt\dist\compiled\next-serv
er\app-page.runtime.prod.j
s:12:142698)
    at Timeout._onTimeout 
(C:\projects\abhinyadesign
\node_modules\next\dist\co
mpiled\next-server\app-pag
e.runtime.prod.js:12:13547
5)
    at listOnTimeout (node
:internal/timers:594:17)
    at 
process.processTimers (nod
e:internal/timers:529:7) {
  digest: '211359099'
}
Error: Event handlers 
cannot be passed to 
Client Component props.
  {onClick: function 
onClick, className: ..., 
children: ...}
            
^^^^^^^^^^^^^^^^
If you need 
interactivity, consider 
converting part of this 
to a Client Component.
    at ek (C:\projects\abh
inyadesign\node_modules\ne
xt\dist\compiled\next-serv
er\app-page.runtime.prod.j
s:12:140566)
    at Object.toJSON (C:\p
rojects\abhinyadesign\node
_modules\next\dist\compile
d\next-server\app-page.run
time.prod.js:12:135755)
    at stringify 
(<anonymous>)
    at eR (C:\projects\abh
inyadesign\node_modules\ne
xt\dist\compiled\next-serv
er\app-page.runtime.prod.j
s:12:142219)
    at eE (C:\projects\abh
inyadesign\node_modules\ne
xt\dist\compiled\next-serv
er\app-page.runtime.prod.j
s:12:142698)
    at Timeout._onTimeout 
(C:\projects\abhinyadesign
\node_modules\next\dist\co
mpiled\next-server\app-pag
e.runtime.prod.js:12:13547
5)
    at listOnTimeout (node
:internal/timers:594:17)
    at 
process.processTimers (nod
e:internal/timers:529:7) {
  digest: '211359099'
}
Error: Event handlers 
cannot be passed to 
Client Component props.
  {onClick: function 
onClick, className: ..., 
children: ...}
            
^^^^^^^^^^^^^^^^
If you need 
interactivity, consider 
converting part of this 
to a Client Component.
    at ek (C:\projects\abh
inyadesign\node_modules\ne
xt\dist\compiled\next-serv
er\app-page.runtime.prod.j
s:12:140566)
    at Object.toJSON (C:\p
rojects\abhinyadesign\node
_modules\next\dist\compile
d\next-server\app-page.run
time.prod.js:12:135755)
    at stringify 
(<anonymous>)
    at eR (C:\projects\abh
inyadesign\node_modules\ne
xt\dist\compiled\next-serv
er\app-page.runtime.prod.j
s:12:142219)
    at eE (C:\projects\abh
inyadesign\node_modules\ne
xt\dist\compiled\next-serv
er\app-page.runtime.prod.j
s:12:142698)
    at Timeout._onTimeout 
(C:\projects\abhinyadesign
\node_modules\next\dist\co
mpiled\next-server\app-pag
e.runtime.prod.js:12:13547
5)
    at listOnTimeout (node
:internal/timers:594:17)
    at 
process.processTimers (nod
e:internal/timers:529:7) {
  digest: '211359099'
}
Error: Event handlers 
cannot be passed to 
Client Component props.
  {onClick: function 
onClick, className: ..., 
children: ...}
            
^^^^^^^^^^^^^^^^
If you need 
interactivity, consider 
converting part of this 
to a Client Component.
    at ek (C:\projects\abh
inyadesign\node_modules\ne
xt\dist\compiled\next-serv
er\app-page.runtime.prod.j
s:12:140566)
    at Object.toJSON (C:\p
rojects\abhinyadesign\node
_modules\next\dist\compile
d\next-server\app-page.run
time.prod.js:12:135755)
    at stringify 
(<anonymous>)
    at eR (C:\projects\abh
inyadesign\node_modules\ne
xt\dist\compiled\next-serv
er\app-page.runtime.prod.j
s:12:142219)
    at eE (C:\projects\abh
inyadesign\node_modules\ne
xt\dist\compiled\next-serv
er\app-page.runtime.prod.j
s:12:142698)
    at 
AsyncLocalStorage.run (nod
e:internal/async_local_sto
rage/async_hooks:91:14)
    at Timeout._onTimeout 
(C:\projects\abhinyadesign
\node_modules\next\dist\co
mpiled\next-server\app-pag
e.runtime.prod.js:12:15039
7)
    at listOnTimeout (node
:internal/timers:594:17)
    at 
process.processTimers (nod
e:internal/timers:529:7) {
  digest: '187414323'
}
Error: Event handlers 
cannot be passed to 
Client Component props.
  {onClick: function 
onClick, className: ..., 
children: ...}
            
^^^^^^^^^^^^^^^^
If you need 
interactivity, consider 
converting part of this 
to a Client Component.
    at ek (C:\projects\abh
inyadesign\node_modules\ne
xt\dist\compiled\next-serv
er\app-page.runtime.prod.j
s:12:140566)
    at Object.toJSON (C:\p
rojects\abhinyadesign\node
_modules\next\dist\compile
d\next-server\app-page.run
time.prod.js:12:135755)
    at stringify 
(<anonymous>)
    at eR (C:\projects\abh
inyadesign\node_modules\ne
xt\dist\compiled\next-serv
er\app-page.runtime.prod.j
s:12:142219)
    at eE (C:\projects\abh
inyadesign\node_modules\ne
xt\dist\compiled\next-serv
er\app-page.runtime.prod.j
s:12:142698)
    at 
AsyncLocalStorage.run (nod
e:internal/async_local_sto
rage/async_hooks:91:14)
    at Timeout._onTimeout 
(C:\projects\abhinyadesign
\node_modules\next\dist\co
mpiled\next-server\app-pag
e.runtime.prod.js:12:15039
7)
    at listOnTimeout (node
:internal/timers:594:17)
    at 
process.processTimers (nod
e:internal/timers:529:7) {
  digest: '187414323'
}
Error: Event handlers 
cannot be passed to 
Client Component props.
  {onClick: function 
onClick, className: ..., 
children: ...}
            
^^^^^^^^^^^^^^^^
If you need 
interactivity, consider 
converting part of this 
to a Client Component.
    at ek (C:\projects\abh
inyadesign\node_modules\ne
xt\dist\compiled\next-serv
er\app-page.runtime.prod.j
s:12:140566)
    at Object.toJSON (C:\p
rojects\abhinyadesign\node
_modules\next\dist\compile
d\next-server\app-page.run
time.prod.js:12:135755)
    at stringify 
(<anonymous>)
    at eR (C:\projects\abh
inyadesign\node_modules\ne
xt\dist\compiled\next-serv
er\app-page.runtime.prod.j
s:12:142219)
    at eE (C:\projects\abh
inyadesign\node_modules\ne
xt\dist\compiled\next-serv
er\app-page.runtime.prod.j
s:12:142698)
    at Timeout._onTimeout 
(C:\projects\abhinyadesign
\node_modules\next\dist\co
mpiled\next-server\app-pag
e.runtime.prod.js:12:13547
5)
    at listOnTimeout (node
:internal/timers:594:17)
    at 
process.processTimers (nod
e:internal/timers:529:7) {
  digest: '211359099'
}
Error: Event handlers 
cannot be passed to 
Client Component props.
  {onClick: function 
onClick, className: ..., 
children: ...}
            
^^^^^^^^^^^^^^^^
If you need 
interactivity, consider 
converting part of this 
to a Client Component.
    at ek (C:\projects\abh
inyadesign\node_modules\ne
xt\dist\compiled\next-serv
er\app-page.runtime.prod.j
s:12:140566)
    at Object.toJSON (C:\p
rojects\abhinyadesign\node
_modules\next\dist\compile
d\next-server\app-page.run
time.prod.js:12:135755)
    at stringify 
(<anonymous>)
    at eR (C:\projects\abh
inyadesign\node_modules\ne
xt\dist\compiled\next-serv
er\app-page.runtime.prod.j
s:12:142219)
    at eE (C:\projects\abh
inyadesign\node_modules\ne
xt\dist\compiled\next-serv
er\app-page.runtime.prod.j
s:12:142698)
    at Timeout._onTimeout 
(C:\projects\abhinyadesign
\node_modules\next\dist\co
mpiled\next-server\app-pag
e.runtime.prod.js:12:13547
5)
    at listOnTimeout (node
:internal/timers:594:17)
    at 
process.processTimers (nod
e:internal/timers:529:7) {
  digest: '211359099'
}
Error: Event handlers 
cannot be passed to 
Client Component props.
  {onClick: function 
onClick, className: ..., 
children: ...}
            
^^^^^^^^^^^^^^^^
If you need 
interactivity, consider 
converting part of this 
to a Client Component.
    at ek (C:\projects\abh
inyadesign\node_modules\ne
xt\dist\compiled\next-serv
er\app-page.runtime.prod.j
s:12:140566)
    at Object.toJSON (C:\p
rojects\abhinyadesign\node
_modules\next\dist\compile
d\next-server\app-page.run
time.prod.js:12:135755)
    at stringify 
(<anonymous>)
    at eR (C:\projects\abh
inyadesign\node_modules\ne
xt\dist\compiled\next-serv
er\app-page.runtime.prod.j
s:12:142219)
    at eE (C:\projects\abh
inyadesign\node_modules\ne
xt\dist\compiled\next-serv
er\app-page.runtime.prod.j
s:12:142698)
    at Timeout._onTimeout 
(C:\projects\abhinyadesign
\node_modules\next\dist\co
mpiled\next-server\app-pag
e.runtime.prod.js:12:13547
5)
    at listOnTimeout (node
:internal/timers:594:17)
    at 
process.processTimers (nod
e:internal/timers:529:7) {
  digest: '211359099'
}
Error: Event handlers 
cannot be passed to 
Client Component props.
  {onClick: function 
onClick, className: ..., 
children: ...}
            
^^^^^^^^^^^^^^^^
If you need 
interactivity, consider 
converting part of this 
to a Client Component.
    at ek (C:\projects\abh
inyadesign\node_modules\ne
xt\dist\compiled\next-serv
er\app-page.runtime.prod.j
s:12:140566)
    at Object.toJSON (C:\p
rojects\abhinyadesign\node
_modules\next\dist\compile
d\next-server\app-page.run
time.prod.js:12:135755)
    at stringify 
(<anonymous>)
    at eR (C:\projects\abh
inyadesign\node_modules\ne
xt\dist\compiled\next-serv
er\app-page.runtime.prod.j
s:12:142219)
    at eE (C:\projects\abh
inyadesign\node_modules\ne
xt\dist\compiled\next-serv
er\app-page.runtime.prod.j
s:12:142698)
    at 
AsyncLocalStorage.run (nod
e:internal/async_local_sto
rage/async_hooks:91:14)
    at Timeout._onTimeout 
(C:\projects\abhinyadesign
\node_modules\next\dist\co
mpiled\next-server\app-pag
e.runtime.prod.js:12:15039
7)
    at listOnTimeout (node
:internal/timers:594:17)
    at 
process.processTimers (nod
e:internal/timers:529:7) {
  digest: '187414323'
}
Error: Event handlers 
cannot be passed to 
Client Component props.
  {onClick: function 
onClick, className: ..., 
children: ...}
            
^^^^^^^^^^^^^^^^
If you need 
interactivity, consider 
converting part of this 
to a Client Component.
    at ek (C:\projects\abh
inyadesign\node_modules\ne
xt\dist\compiled\next-serv
er\app-page.runtime.prod.j
s:12:140566)
    at Object.toJSON (C:\p
rojects\abhinyadesign\node
_modules\next\dist\compile
d\next-server\app-page.run
time.prod.js:12:135755)
    at stringify 
(<anonymous>)
    at eR (C:\projects\abh
inyadesign\node_modules\ne
xt\dist\compiled\next-serv
er\app-page.runtime.prod.j
s:12:142219)
    at eE (C:\projects\abh
inyadesign\node_modules\ne
xt\dist\compiled\next-serv
er\app-page.runtime.prod.j
s:12:142698)
    at Timeout._onTimeout 
(C:\projects\abhinyadesign
\node_modules\next\dist\co
mpiled\next-server\app-pag
e.runtime.prod.js:12:13547
5)
    at listOnTimeout (node
:internal/timers:594:17)
    at 
process.processTimers (nod
e:internal/timers:529:7) {
  digest: '211359099'
}
Error: Event handlers 
cannot be passed to 
Client Component props.
  {onClick: function 
onClick, className: ..., 
children: ...}
            
^^^^^^^^^^^^^^^^
If you need 
interactivity, consider 
converting part of this 
to a Client Component.
    at ek (C:\projects\abh
inyadesign\node_modules\ne
xt\dist\compiled\next-serv
er\app-page.runtime.prod.j
s:12:140566)
    at Object.toJSON (C:\p
rojects\abhinyadesign\node
_modules\next\dist\compile
d\next-server\app-page.run
time.prod.js:12:135755)
    at stringify 
(<anonymous>)
    at eR (C:\projects\abh
inyadesign\node_modules\ne
xt\dist\compiled\next-serv
er\app-page.runtime.prod.j
s:12:142219)
    at eE (C:\projects\abh
inyadesign\node_modules\ne
xt\dist\compiled\next-serv
er\app-page.runtime.prod.j
s:12:142698)
    at Timeout._onTimeout 
(C:\projects\abhinyadesign
\node_modules\next\dist\co
mpiled\next-server\app-pag
e.runtime.prod.js:12:13547
5)
    at listOnTimeout (node
:internal/timers:594:17)
    at 
process.processTimers (nod
e:internal/timers:529:7) {
  digest: '211359099'
}
Error: Event handlers 
cannot be passed to 
Client Component props.
  {onClick: function 
onClick, className: ..., 
children: ...}
            
^^^^^^^^^^^^^^^^
If you need 
interactivity, consider 
converting part of this 
to a Client Component.
    at ek (C:\projects\abh
inyadesign\node_modules\ne
xt\dist\compiled\next-serv
er\app-page.runtime.prod.j
s:12:140566)
    at Object.toJSON (C:\p
rojects\abhinyadesign\node
_modules\next\dist\compile
d\next-server\app-page.run
time.prod.js:12:135755)
    at stringify 
(<anonymous>)
    at eR (C:\projects\abh
inyadesign\node_modules\ne
xt\dist\compiled\next-serv
er\app-page.runtime.prod.j
s:12:142219)
    at eE (C:\projects\abh
inyadesign\node_modules\ne
xt\dist\compiled\next-serv
er\app-page.runtime.prod.j
s:12:142698)
    at 
AsyncLocalStorage.run (nod
e:internal/async_local_sto
rage/async_hooks:91:14)
    at Timeout._onTimeout 
(C:\projects\abhinyadesign
\node_modules\next\dist\co
mpiled\next-server\app-pag
e.runtime.prod.js:12:15039
7)
    at listOnTimeout (node
:internal/timers:594:17)
    at 
process.processTimers (nod
e:internal/timers:529:7) {
  digest: '187414323'
}
Error: Event handlers 
cannot be passed to 
Client Component props.
  {onClick: function 
onClick, className: ..., 
children: ...}
            
^^^^^^^^^^^^^^^^
If you need 
interactivity, consider 
converting part of this 
to a Client Component.
    at ek (C:\projects\abh
inyadesign\node_modules\ne
xt\dist\compiled\next-serv
er\app-page.runtime.prod.j
s:12:140566)
    at Object.toJSON (C:\p
rojects\abhinyadesign\node
_modules\next\dist\compile
d\next-server\app-page.run
time.prod.js:12:135755)
    at stringify 
(<anonymous>)
    at eR (C:\projects\abh
inyadesign\node_modules\ne
xt\dist\compiled\next-serv
er\app-page.runtime.prod.j
s:12:142219)
    at eE (C:\projects\abh
inyadesign\node_modules\ne
xt\dist\compiled\next-serv
er\app-page.runtime.prod.j
s:12:142698)
    at Timeout._onTimeout 
(C:\projects\abhinyadesign
\node_modules\next\dist\co
mpiled\next-server\app-pag
e.runtime.prod.js:12:13547
5)
    at listOnTimeout (node
:internal/timers:594:17)
    at 
process.processTimers (nod
e:internal/timers:529:7) {
  digest: '211359099'
}
Error: Event handlers 
cannot be passed to 
Client Component props.
  {onClick: function 
onClick, className: ..., 
children: ...}
            
^^^^^^^^^^^^^^^^
If you need 
interactivity, consider 
converting part of this 
to a Client Component.
    at ek (C:\projects\abh
inyadesign\node_modules\ne
xt\dist\compiled\next-serv
er\app-page.runtime.prod.j
s:12:140566)
    at Object.toJSON (C:\p
rojects\abhinyadesign\node
_modules\next\dist\compile
d\next-server\app-page.run
time.prod.js:12:135755)
    at stringify 
(<anonymous>)
    at eR (C:\projects\abh
inyadesign\node_modules\ne
xt\dist\compiled\next-serv
er\app-page.runtime.prod.j
s:12:142219)
    at eE (C:\projects\abh
inyadesign\node_modules\ne
xt\dist\compiled\next-serv
er\app-page.runtime.prod.j
s:12:142698)
    at Timeout._onTimeout 
(C:\projects\abhinyadesign
\node_modules\next\dist\co
mpiled\next-server\app-pag
e.runtime.prod.js:12:13547
5)
    at listOnTimeout (node
:internal/timers:594:17)
    at 
process.processTimers (nod
e:internal/timers:529:7) {
  digest: '211359099'
}
Error: Event handlers 
cannot be passed to 
Client Component props.
  {onClick: function 
onClick, className: ..., 
children: ...}
            
^^^^^^^^^^^^^^^^
If you need 
interactivity, consider 
converting part of this 
to a Client Component.
    at ek (C:\projects\abh
inyadesign\node_modules\ne
xt\dist\compiled\next-serv
er\app-page.runtime.prod.j
s:12:140566)
    at Object.toJSON (C:\p
rojects\abhinyadesign\node
_modules\next\dist\compile
d\next-server\app-page.run
time.prod.js:12:135755)
    at stringify 
(<anonymous>)
    at eR (C:\projects\abh
inyadesign\node_modules\ne
xt\dist\compiled\next-serv
er\app-page.runtime.prod.j
s:12:142219)
    at eE (C:\projects\abh
inyadesign\node_modules\ne
xt\dist\compiled\next-serv
er\app-page.runtime.prod.j
s:12:142698)
    at Timeout._onTimeout 
(C:\projects\abhinyadesign
\node_modules\next\dist\co
mpiled\next-server\app-pag
e.runtime.prod.js:12:13547
5)
    at listOnTimeout (node
:internal/timers:594:17)
    at 
process.processTimers (nod
e:internal/timers:529:7) {
  digest: '211359099'
}
Error: Event handlers 
cannot be passed to 
Client Component props.
  {onClick: function 
onClick, className: ..., 
children: ...}
            
^^^^^^^^^^^^^^^^
If you need 
interactivity, consider 
converting part of this 
to a Client Component.
    at ek (C:\projects\abh
inyadesign\node_modules\ne
xt\dist\compiled\next-serv
er\app-page.runtime.prod.j
s:12:140566)
    at Object.toJSON (C:\p
rojects\abhinyadesign\node
_modules\next\dist\compile
d\next-server\app-page.run
time.prod.js:12:135755)
    at stringify 
(<anonymous>)
    at eR (C:\projects\abh
inyadesign\node_modules\ne
xt\dist\compiled\next-serv
er\app-page.runtime.prod.j
s:12:142219)
    at eE (C:\projects\abh
inyadesign\node_modules\ne
xt\dist\compiled\next-serv
er\app-page.runtime.prod.j
s:12:142698)
    at 
AsyncLocalStorage.run (nod
e:internal/async_local_sto
rage/async_hooks:91:14)
    at Timeout._onTimeout 
(C:\projects\abhinyadesign
\node_modules\next\dist\co
mpiled\next-server\app-pag
e.runtime.prod.js:12:15039
7)
    at listOnTimeout (node
:internal/timers:594:17)
    at 
process.processTimers (nod
e:internal/timers:529:7) {
  digest: '187414323'
}
Error: Event handlers 
cannot be passed to 
Client Component props.
  {onClick: function 
onClick, className: ..., 
children: ...}
            
^^^^^^^^^^^^^^^^
If you need 
interactivity, consider 
converting part of this 
to a Client Component.
    at ek (C:\projects\abh
inyadesign\node_modules\ne
xt\dist\compiled\next-serv
er\app-page.runtime.prod.j
s:12:140566)
    at Object.toJSON (C:\p
rojects\abhinyadesign\node
_modules\next\dist\compile
d\next-server\app-page.run
time.prod.js:12:135755)
    at stringify 
(<anonymous>)
    at eR (C:\projects\abh
inyadesign\node_modules\ne
xt\dist\compiled\next-serv
er\app-page.runtime.prod.j
s:12:142219)
    at eE (C:\projects\abh
inyadesign\node_modules\ne
xt\dist\compiled\next-serv
er\app-page.runtime.prod.j
s:12:142698)
    at Timeout._onTimeout 
(C:\projects\abhinyadesign
\node_modules\next\dist\co
mpiled\next-server\app-pag
e.runtime.prod.js:12:13547
5)
    at listOnTimeout (node
:internal/timers:594:17)
    at 
process.processTimers (nod
e:internal/timers:529:7) {
  digest: '211359099'
}
Error: Event handlers 
cannot be passed to 
Client Component props.
  {onClick: function 
onClick, className: ..., 
children: ...}
            
^^^^^^^^^^^^^^^^
If you need 
interactivity, consider 
converting part of this 
to a Client Component.
    at ek (C:\projects\abh
inyadesign\node_modules\ne
xt\dist\compiled\next-serv
er\app-page.runtime.prod.j
s:12:140566)
    at Object.toJSON (C:\p
rojects\abhinyadesign\node
_modules\next\dist\compile
d\next-server\app-page.run
time.prod.js:12:135755)
    at stringify 
(<anonymous>)
    at eR (C:\projects\abh
inyadesign\node_modules\ne
xt\dist\compiled\next-serv
er\app-page.runtime.prod.j
s:12:142219)
    at eE (C:\projects\abh
inyadesign\node_modules\ne
xt\dist\compiled\next-serv
er\app-page.runtime.prod.j
s:12:142698)
    at Timeout._onTimeout 
(C:\projects\abhinyadesign
\node_modules\next\dist\co
mpiled\next-server\app-pag
e.runtime.prod.js:12:13547
5)
    at listOnTimeout (node
:internal/timers:594:17)
    at 
process.processTimers (nod
e:internal/timers:529:7) {
  digest: '211359099'
}
Error: Event handlers 
cannot be passed to 
Client Component props.
  {onClick: function 
onClick, className: ..., 
children: ...}
            
^^^^^^^^^^^^^^^^
If you need 
interactivity, consider 
converting part of this 
to a Client Component.
    at ek (C:\projects\abh
inyadesign\node_modules\ne
xt\dist\compiled\next-serv
er\app-page.runtime.prod.j
s:12:140566)
    at Object.toJSON (C:\p
rojects\abhinyadesign\node
_modules\next\dist\compile
d\next-server\app-page.run
time.prod.js:12:135755)
    at stringify 
(<anonymous>)
    at eR (C:\projects\abh
inyadesign\node_modules\ne
xt\dist\compiled\next-serv
er\app-page.runtime.prod.j
s:12:142219)
    at eE (C:\projects\abh
inyadesign\node_modules\ne
xt\dist\compiled\next-serv
er\app-page.runtime.prod.j
s:12:142698)
    at Timeout._onTimeout 
(C:\projects\abhinyadesign
\node_modules\next\dist\co
mpiled\next-server\app-pag
e.runtime.prod.js:12:13547
5)
    at listOnTimeout (node
:internal/timers:594:17)
    at 
process.processTimers (nod
e:internal/timers:529:7) {
  digest: '211359099'
}
Error: Event handlers 
cannot be passed to 
Client Component props.
  {onClick: function 
onClick, className: ..., 
children: ...}
            
^^^^^^^^^^^^^^^^
If you need 
interactivity, consider 
converting part of this 
to a Client Component.
    at ek (C:\projects\abh
inyadesign\node_modules\ne
xt\dist\compiled\next-serv
er\app-page.runtime.prod.j
s:12:140566)
    at Object.toJSON (C:\p
rojects\abhinyadesign\node
_modules\next\dist\compile
d\next-server\app-page.run
time.prod.js:12:135755)
    at stringify 
(<anonymous>)
    at eR (C:\projects\abh
inyadesign\node_modules\ne
xt\dist\compiled\next-serv
er\app-page.runtime.prod.j
s:12:142219)
    at eE (C:\projects\abh
inyadesign\node_modules\ne
xt\dist\compiled\next-serv
er\app-page.runtime.prod.j
s:12:142698)
    at Timeout._onTimeout 
(C:\projects\abhinyadesign
\node_modules\next\dist\co
mpiled\next-server\app-pag
e.runtime.prod.js:12:13547
5)
    at listOnTimeout (node
:internal/timers:594:17)
    at 
process.processTimers (nod
e:internal/timers:529:7) {
  digest: '211359099'
}
Error: Event handlers 
cannot be passed to 
Client Component props.
  {onClick: function 
onClick, className: ..., 
children: ...}
            
^^^^^^^^^^^^^^^^
If you need 
interactivity, consider 
converting part of this 
to a Client Component.
    at ek (C:\projects\abh
inyadesign\node_modules\ne
xt\dist\compiled\next-serv
er\app-page.runtime.prod.j
s:12:140566)
    at Object.toJSON (C:\p
rojects\abhinyadesign\node
_modules\next\dist\compile
d\next-server\app-page.run
time.prod.js:12:135755)
    at stringify 
(<anonymous>)
    at eR (C:\projects\abh
inyadesign\node_modules\ne
xt\dist\compiled\next-serv
er\app-page.runtime.prod.j
s:12:142219)
    at eE (C:\projects\abh
inyadesign\node_modules\ne
xt\dist\compiled\next-serv
er\app-page.runtime.prod.j
s:12:142698)
    at Timeout._onTimeout 
(C:\projects\abhinyadesign
\node_modules\next\dist\co
mpiled\next-server\app-pag
e.runtime.prod.js:12:13547
5)
    at listOnTimeout (node
:internal/timers:594:17)
    at 
process.processTimers (nod
e:internal/timers:529:7) {
  digest: '211359099'
}
Error: Event handlers 
cannot be passed to 
Client Component props.
  {onClick: function 
onClick, className: ..., 
children: ...}
            
^^^^^^^^^^^^^^^^
If you need 
interactivity, consider 
converting part of this 
to a Client Component.
    at ek (C:\projects\abh
inyadesign\node_modules\ne
xt\dist\compiled\next-serv
er\app-page.runtime.prod.j
s:12:140566)
    at Object.toJSON (C:\p
rojects\abhinyadesign\node
_modules\next\dist\compile
d\next-server\app-page.run
time.prod.js:12:135755)
    at stringify 
(<anonymous>)
    at eR (C:\projects\abh
inyadesign\node_modules\ne
xt\dist\compiled\next-serv
er\app-page.runtime.prod.j
s:12:142219)
    at eE (C:\projects\abh
inyadesign\node_modules\ne
xt\dist\compiled\next-serv
er\app-page.runtime.prod.j
s:12:142698)
    at 
AsyncLocalStorage.run (nod
e:internal/async_local_sto
rage/async_hooks:91:14)
    at Timeout._onTimeout 
(C:\projects\abhinyadesign
\node_modules\next\dist\co
mpiled\next-server\app-pag
e.runtime.prod.js:12:15039
7)
    at listOnTimeout (node
:internal/timers:594:17)
    at 
process.processTimers (nod
e:internal/timers:529:7) {
  digest: '187414323'
}
Error: Event handlers 
cannot be passed to 
Client Component props.
  {onClick: function 
onClick, className: ..., 
children: ...}
            
^^^^^^^^^^^^^^^^
If you need 
interactivity, consider 
converting part of this 
to a Client Component.
    at ek (C:\projects\abh
inyadesign\node_modules\ne
xt\dist\compiled\next-serv
er\app-page.runtime.prod.j
s:12:140566)
    at Object.toJSON (C:\p
rojects\abhinyadesign\node
_modules\next\dist\compile
d\next-server\app-page.run
time.prod.js:12:135755)
    at stringify 
(<anonymous>)
    at eR (C:\projects\abh
inyadesign\node_modules\ne
xt\dist\compiled\next-serv
er\app-page.runtime.prod.j
s:12:142219)
    at eE (C:\projects\abh
inyadesign\node_modules\ne
xt\dist\compiled\next-serv
er\app-page.runtime.prod.j
s:12:142698)
    at Timeout._onTimeout 
(C:\projects\abhinyadesign
\node_modules\next\dist\co
mpiled\next-server\app-pag
e.runtime.prod.js:12:13547
5)
    at listOnTimeout (node
:internal/timers:594:17)
    at 
process.processTimers (nod
e:internal/timers:529:7) {
  digest: '211359099'
}
Error: Event handlers 
cannot be passed to 
Client Component props.
  {onClick: function 
onClick, className: ..., 
children: ...}
            
^^^^^^^^^^^^^^^^
If you need 
interactivity, consider 
converting part of this 
to a Client Component.
    at ek (C:\projects\abh
inyadesign\node_modules\ne
xt\dist\compiled\next-serv
er\app-page.runtime.prod.j
s:12:140566)
    at Object.toJSON (C:\p
rojects\abhinyadesign\node
_modules\next\dist\compile
d\next-server\app-page.run
time.prod.js:12:135755)
    at stringify 
(<anonymous>)
    at eR (C:\projects\abh
inyadesign\node_modules\ne
xt\dist\compiled\next-serv
er\app-page.runtime.prod.j
s:12:142219)
    at eE (C:\projects\abh
inyadesign\node_modules\ne
xt\dist\compiled\next-serv
er\app-page.runtime.prod.j
s:12:142698)
    at 
AsyncLocalStorage.run (nod
e:internal/async_local_sto
rage/async_hooks:91:14)
    at Timeout._onTimeout 
(C:\projects\abhinyadesign
\node_modules\next\dist\co
mpiled\next-server\app-pag
e.runtime.prod.js:12:15039
7)
    at listOnTimeout (node
:internal/timers:594:17)
    at 
process.processTimers (nod
e:internal/timers:529:7) {
  digest: '187414323'
}
Error: Event handlers 
cannot be passed to 
Client Component props.
  {onClick: function 
onClick, className: ..., 
children: ...}
            
^^^^^^^^^^^^^^^^
If you need 
interactivity, consider 
converting part of this 
to a Client Component.
    at ek (C:\projects\abh
inyadesign\node_modules\ne
xt\dist\compiled\next-serv
er\app-page.runtime.prod.j
s:12:140566)
    at Object.toJSON (C:\p
rojects\abhinyadesign\node
_modules\next\dist\compile
d\next-server\app-page.run
time.prod.js:12:135755)
    at stringify 
(<anonymous>)
    at eR (C:\projects\abh
inyadesign\node_modules\ne
xt\dist\compiled\next-serv
er\app-page.runtime.prod.j
s:12:142219)
    at eE (C:\projects\abh
inyadesign\node_modules\ne
xt\dist\compiled\next-serv
er\app-page.runtime.prod.j
s:12:142698)
    at Timeout._onTimeout 
(C:\projects\abhinyadesign
\node_modules\next\dist\co
mpiled\next-server\app-pag
e.runtime.prod.js:12:13547
5)
    at listOnTimeout (node
:internal/timers:594:17)
    at 
process.processTimers (nod
e:internal/timers:529:7) {
  digest: '211359099'
}
Error: Event handlers 
cannot be passed to 
Client Component props.
  {onClick: function 
onClick, className: ..., 
children: ...}
            
^^^^^^^^^^^^^^^^
If you need 
interactivity, consider 
converting part of this 
to a Client Component.
    at ek (C:\projects\abh
inyadesign\node_modules\ne
xt\dist\compiled\next-serv
er\app-page.runtime.prod.j
s:12:140566)
    at Object.toJSON (C:\p
rojects\abhinyadesign\node
_modules\next\dist\compile
d\next-server\app-page.run
time.prod.js:12:135755)
    at stringify 
(<anonymous>)
    at eR (C:\projects\abh
inyadesign\node_modules\ne
xt\dist\compiled\next-serv
er\app-page.runtime.prod.j
s:12:142219)
    at eE (C:\projects\abh
inyadesign\node_modules\ne
xt\dist\compiled\next-serv
er\app-page.runtime.prod.j
s:12:142698)
    at Timeout._onTimeout 
(C:\projects\abhinyadesign
\node_modules\next\dist\co
mpiled\next-server\app-pag
e.runtime.prod.js:12:13547
5)
    at listOnTimeout (node
:internal/timers:594:17)
    at 
process.processTimers (nod
e:internal/timers:529:7) {
  digest: '211359099'
}
Error: Event handlers 
cannot be passed to 
Client Component props.
  {onClick: function 
onClick, className: ..., 
children: ...}
            
^^^^^^^^^^^^^^^^
If you need 
interactivity, consider 
converting part of this 
to a Client Component.
    at ek (C:\projects\abh
inyadesign\node_modules\ne
xt\dist\compiled\next-serv
er\app-page.runtime.prod.j
s:12:140566)
    at Object.toJSON (C:\p
rojects\abhinyadesign\node
_modules\next\dist\compile
d\next-server\app-page.run
time.prod.js:12:135755)
    at stringify 
(<anonymous>)
    at eR (C:\projects\abh
inyadesign\node_modules\ne
xt\dist\compiled\next-serv
er\app-page.runtime.prod.j
s:12:142219)
    at eE (C:\projects\abh
inyadesign\node_modules\ne
xt\dist\compiled\next-serv
er\app-page.runtime.prod.j
s:12:142698)
    at Timeout._onTimeout 
(C:\projects\abhinyadesign
\node_modules\next\dist\co
mpiled\next-server\app-pag
e.runtime.prod.js:12:13547
5)
    at listOnTimeout (node
:internal/timers:594:17)
    at 
process.processTimers (nod
e:internal/timers:529:7) {
  digest: '211359099'
}
Error: Event handlers 
cannot be passed to 
Client Component props.
  {onClick: function 
onClick, className: ..., 
children: ...}
            
^^^^^^^^^^^^^^^^
If you need 
interactivity, consider 
converting part of this 
to a Client Component.
    at ek (C:\projects\abh
inyadesign\node_modules\ne
xt\dist\compiled\next-serv
er\app-page.runtime.prod.j
s:12:140566)
    at Object.toJSON (C:\p
rojects\abhinyadesign\node
_modules\next\dist\compile
d\next-server\app-page.run
time.prod.js:12:135755)
    at stringify 
(<anonymous>)
    at eR (C:\projects\abh
inyadesign\node_modules\ne
xt\dist\compiled\next-serv
er\app-page.runtime.prod.j
s:12:142219)
    at eE (C:\projects\abh
inyadesign\node_modules\ne
xt\dist\compiled\next-serv
er\app-page.runtime.prod.j
s:12:142698)
    at 
AsyncLocalStorage.run (nod
e:internal/async_local_sto
rage/async_hooks:91:14)
    at Timeout._onTimeout 
(C:\projects\abhinyadesign
\node_modules\next\dist\co
mpiled\next-server\app-pag
e.runtime.prod.js:12:15039
7)
    at listOnTimeout (node
:internal/timers:594:17)
    at 
process.processTimers (nod
e:internal/timers:529:7) {
  digest: '187414323'
}
Error: Event handlers 
cannot be passed to 
Client Component props.
  {onClick: function 
onClick, className: ..., 
children: ...}
            
^^^^^^^^^^^^^^^^
If you need 
interactivity, consider 
converting part of this 
to a Client Component.
    at ek (C:\projects\abh
inyadesign\node_modules\ne
xt\dist\compiled\next-serv
er\app-page.runtime.prod.j
s:12:140566)
    at Object.toJSON (C:\p
rojects\abhinyadesign\node
_modules\next\dist\compile
d\next-server\app-page.run
time.prod.js:12:135755)
    at stringify 
(<anonymous>)
    at eR (C:\projects\abh
inyadesign\node_modules\ne
xt\dist\compiled\next-serv
er\app-page.runtime.prod.j
s:12:142219)
    at eE (C:\projects\abh
inyadesign\node_modules\ne
xt\dist\compiled\next-serv
er\app-page.runtime.prod.j
s:12:142698)
    at Timeout._onTimeout 
(C:\projects\abhinyadesign
\node_modules\next\dist\co
mpiled\next-server\app-pag
e.runtime.prod.js:12:13547
5)
    at listOnTimeout (node
:internal/timers:594:17)
    at 
process.processTimers (nod
e:internal/timers:529:7) {
  digest: '211359099'
}
Error: Event handlers 
cannot be passed to 
Client Component props.
  {onClick: function 
onClick, className: ..., 
children: ...}
            
^^^^^^^^^^^^^^^^
If you need 
interactivity, consider 
converting part of this 
to a Client Component.
    at ek (C:\projects\abh
inyadesign\node_modules\ne
xt\dist\compiled\next-serv
er\app-page.runtime.prod.j
s:12:140566)
    at Object.toJSON (C:\p
rojects\abhinyadesign\node
_modules\next\dist\compile
d\next-server\app-page.run
time.prod.js:12:135755)
    at stringify 
(<anonymous>)
    at eR (C:\projects\abh
inyadesign\node_modules\ne
xt\dist\compiled\next-serv
er\app-page.runtime.prod.j
s:12:142219)
    at eE (C:\projects\abh
inyadesign\node_modules\ne
xt\dist\compiled\next-serv
er\app-page.runtime.prod.j
s:12:142698)
    at Timeout._onTimeout 
(C:\projects\abhinyadesign
\node_modules\next\dist\co
mpiled\next-server\app-pag
e.runtime.prod.js:12:13547
5)
    at listOnTimeout (node
:internal/timers:594:17)
    at 
process.processTimers (nod
e:internal/timers:529:7) {
  digest: '211359099'
}
 ΓÜá Sending SIGTERM 
signal to static worker 
due to timeout of 60 
seconds. Subsequent 
errors may be a result of 
the worker exiting.

> Build error occurred
Error: Static page 
generation for /careers 
is still timing out after 
3 attempts. See more info 
here https://nextjs.org/do
cs/messages/static-page-ge
neration-timeout
    at onRestart (C:\proje
cts\abhinyadesign\node_mod
ules\next\dist\build\index
.js:293:27)
    at C:\projects\abhinya
design\node_modules\next\d
ist\lib\worker.js:95:40
    at process.processTick
sAndRejections (node:inter
nal/process/task_queues:10
5:5)
    at async C:\projects\a
bhinyadesign\node_modules\
next\dist\export\index.js:
450:20
    at async 
Span.traceAsyncFn (C:\proj
ects\abhinyadesign\node_mo
dules\next\dist\trace\trac
e.js:154:20)
    at async C:\projects\a
bhinyadesign\node_modules\
next\dist\export\index.js:
448:24
    at async Promise.all 
(index 2)
    at async 
exportAppImpl (C:\projects
\abhinyadesign\node_module
s\next\dist\export\index.j
s:440:21)
    at async C:\projects\a
bhinyadesign\node_modules\
next\dist\export\index.js:
623:16
    at async 
Span.traceAsyncFn (C:\proj
ects\abhinyadesign\node_mo
dules\next\dist\trace\trac
e.js:154:20)
